  z1 NGC: 37 puntos  Hartlap=0.9814
  z1 NGC: 37 puntos  Hartlap=0.9814
  z1 NGC: 37 puntos  Hartlap=0.9814
  z1 NGC: 37 puntos  Hartlap=0.9814
  z1 SGC: 37 puntos  Hartlap=0.9814
  z1 SGC: 37 puntos  Hartlap=0.9814
  z1 SGC: 37 puntos  Hartlap=0.9814
  z1 SGC: 37 puntos  Hartlap=0.9814
  z2 NGC: 37 puntos  Hartlap=0.9814
  z2 NGC: 37 puntos  Hartlap=0.9814
  z2 NGC: 37 puntos  Hartlap=0.9814
  z2 NGC: 37 puntos  Hartlap=0.9814
  z2 SGC: 37 puntos  Hartlap=0.9814
  z2 SGC: 37 puntos  Hartlap=0.9814
  z2 SGC: 37 puntos  Hartlap=0.9814
  z2 SGC: 37 puntos  Hartlap=0.9814
  z3 NGC: 37 puntos  Hartlap=0.9814
  z3 NGC: 37 puntos  Hartlap=0.9814
  z3 NGC: 37 puntos  Hartlap=0.9814
  z3 NGC: 37 puntos  Hartlap=0.9814
  z3 SGC: 37 puntos  Hartlap=0.9814
  R1/R2 BOSS LPT — SSEE  k_max=0.2
  6 conjuntos, 222 puntos, 37 libres
  z3 SGC: 37 puntos  Hartlap=0.9814
  R1/R2 BOSS LPT — SSEE  k_max=0.2
  6 conjuntos, 222 puntos, 37 libres
  z3 SGC: 37 puntos  Hartlap=0.9814
  R1/R2 BOSS LPT — SSEE  k_max=0.2
  6 conjuntos, 222 puntos, 37 libres
  z3 SGC: 37 puntos  Hartlap=0.9814
  R1/R2 BOSS LPT — SSEE  k_max=0.2
  6 conjuntos, 222 puntos, 37 libres
[0 : output] Output to be read-from/written-into folder '/mnt/datos/SSEE_data/chains_p6/boss', with prefix 'ssee'
[1 : p06_growth.cobaya_boss.loglike_ssee] Initialized external likelihood.
[0 : p06_growth.cobaya_boss.loglike_ssee] Initialized external likelihood.
[3 : p06_growth.cobaya_boss.loglike_ssee] Initialized external likelihood.
[2 : p06_growth.cobaya_boss.loglike_ssee] Initialized external likelihood.
[3 : mcmc] Getting initial point... (this may take a few seconds)
[1 : mcmc] Getting initial point... (this may take a few seconds)
[2 : mcmc] Getting initial point... (this may take a few seconds)
[0 : mcmc] Getting initial point... (this may take a few seconds)
[1 : mcmc] Initial point: logA:2.9, b1_z1NGC:0.9853356, b2_z1NGC:0.8405693, bs_z1NGC:-0.9389978, b1_z1SGC:0.9309856, b2_z1SGC:-0.3399699, bs_z1SGC:1.744118, b1_z2NGC:0.8978286, b2_z2NGC:-0.7513039, bs_z2NGC:-1.66508, b1_z2SGC:0.9534218, b2_z2SGC:-0.7609544, bs_z2SGC:2.687387, b1_z3NGC:0.8673825, b2_z3NGC:-1.9835, bs_z3NGC:-2.069255, b1_z3SGC:1.095263, b2_z3SGC:-0.3698509, bs_z3SGC:1.405717
[0 : mcmc] Initial point: logA:2.9, b1_z1NGC:0.9853356, b2_z1NGC:0.8405693, bs_z1NGC:-0.9389978, b1_z1SGC:0.9309856, b2_z1SGC:-0.3399699, bs_z1SGC:1.744118, b1_z2NGC:0.8978286, b2_z2NGC:-0.7513039, bs_z2NGC:-1.66508, b1_z2SGC:0.9534218, b2_z2SGC:-0.7609544, bs_z2SGC:2.687387, b1_z3NGC:0.8673825, b2_z3NGC:-1.9835, bs_z3NGC:-2.069255, b1_z3SGC:1.095263, b2_z3SGC:-0.3698509, bs_z3SGC:1.405717
[3 : mcmc] Initial point: logA:2.9, b1_z1NGC:0.9853356, b2_z1NGC:0.8405693, bs_z1NGC:-0.9389978, b1_z1SGC:0.9309856, b2_z1SGC:-0.3399699, bs_z1SGC:1.744118, b1_z2NGC:0.8978286, b2_z2NGC:-0.7513039, bs_z2NGC:-1.66508, b1_z2SGC:0.9534218, b2_z2SGC:-0.7609544, bs_z2SGC:2.687387, b1_z3NGC:0.8673825, b2_z3NGC:-1.9835, bs_z3NGC:-2.069255, b1_z3SGC:1.095263, b2_z3SGC:-0.3698509, bs_z3SGC:1.405717
[2 : mcmc] Initial point: logA:2.9, b1_z1NGC:0.9853356, b2_z1NGC:0.8405693, bs_z1NGC:-0.9389978, b1_z1SGC:0.9309856, b2_z1SGC:-0.3399699, bs_z1SGC:1.744118, b1_z2NGC:0.8978286, b2_z2NGC:-0.7513039, bs_z2NGC:-1.66508, b1_z2SGC:0.9534218, b2_z2SGC:-0.7609544, bs_z2SGC:2.687387, b1_z3NGC:0.8673825, b2_z3NGC:-1.9835, bs_z3NGC:-2.069255, b1_z3SGC:1.095263, b2_z3SGC:-0.3698509, bs_z3SGC:1.405717
[0 : model] Measuring speeds... (this may take a few seconds)
[0 : model] Setting measured speeds (per sec): {p06_growth.cobaya_boss.loglike_ssee: 39.2}
[0 : mcmc] Covariance matrix not present. We will start learning the covariance of the proposal earlier: R-1 = 30 (would be 2 if all params loaded).
[0 : mcmc] Sampling!
[1 : mcmc] Progress @ 2026-09-07 06:32:29 : 1 steps taken, and 0 accepted.
[0 : mcmc] Progress @ 2026-09-07 06:32:29 : 1 steps taken, and 0 accepted.
[3 : mcmc] Progress @ 2026-09-07 06:32:29 : 1 steps taken, and 0 accepted.
[2 : mcmc] Progress @ 2026-09-07 06:32:29 : 1 steps taken, and 0 accepted.
[1 : mcmc] Learn + convergence test @ 760 samples accepted.
[1 : mcmc] Ready to check convergence and learn a new proposal covmat (waiting for the rest...)
[0 : mcmc] Learn + convergence test @ 760 samples accepted.
[0 : mcmc] Ready to check convergence and learn a new proposal covmat (waiting for the rest...)
[3 : mcmc] Learn + convergence test @ 760 samples accepted.
[3 : mcmc] Ready to check convergence and learn a new proposal covmat (waiting for the rest...)
[2 : mcmc] Learn + convergence test @ 760 samples accepted.
[2 : mcmc] Ready to check convergence and learn a new proposal covmat (waiting for the rest...)
[0 : mcmc] All chains are ready to check convergence and learn a new proposal covmat
[0 : mcmc]  - Acceptance rate: 0.493 = avg([0.4869, 0.5000, 0.4987, 0.4885])
[0 : mcmc]  - Convergence of means: R-1 = 20.036017 after 3460 accepted steps = sum([931, 918, 760, 851])
[0 : mcmc]  - Updated covariance matrix of proposal pdf.
[1 : mcmc] Progress @ 2026-09-07 06:33:29 : 2212 steps taken, and 1019 accepted.
[0 : mcmc] Progress @ 2026-09-07 06:33:29 : 2658 steps taken, and 1130 accepted.
[2 : mcmc] Progress @ 2026-09-07 06:33:29 : 1946 steps taken, and 841 accepted.
[3 : mcmc] Progress @ 2026-09-07 06:33:29 : 2091 steps taken, and 969 accepted.
[0 : mcmc] Learn + convergence test @ 1520 samples accepted.
[0 : mcmc] Ready to check convergence and learn a new proposal covmat (waiting for the rest...)
[1 : mcmc] Progress @ 2026-09-07 06:34:29 : 4199 steps taken, and 1496 accepted.
[0 : mcmc] Progress @ 2026-09-07 06:34:29 : 6127 steps taken, and 1959 accepted.
[2 : mcmc] Progress @ 2026-09-07 06:34:29 : 3932 steps taken, and 1253 accepted.
[3 : mcmc] Progress @ 2026-09-07 06:34:29 : 4113 steps taken, and 1454 accepted.
[1 : mcmc] Learn + convergence test @ 1520 samples accepted.
[1 : mcmc] Ready to check convergence and learn a new proposal covmat (waiting for the rest...)
[3 : mcmc] Learn + convergence test @ 1520 samples accepted.
[3 : mcmc] Ready to check convergence and learn a new proposal covmat (waiting for the rest...)
[0 : mcmc] Learn + convergence test @ 2280 samples accepted.
[2 : mcmc] Learn + convergence test @ 1520 samples accepted.
[2 : mcmc] Ready to check convergence and learn a new proposal covmat (waiting for the rest...)
[0 : mcmc] All chains are ready to check convergence and learn a new proposal covmat
[0 : mcmc]  - Acceptance rate: 0.234 = avg([0.2477, 0.2376, 0.1981, 0.2422])
[0 : mcmc]  - Convergence of means: R-1 = 6.150749 after 7765 accepted steps = sum([2615, 1830, 1520, 1800])
[0 : mcmc]  - Updated covariance matrix of proposal pdf.
[1 : mcmc] Progress @ 2026-09-07 06:35:29 : 6183 steps taken, and 1949 accepted.
[0 : mcmc] Progress @ 2026-09-07 06:35:29 : 9558 steps taken, and 2803 accepted.
[2 : mcmc] Progress @ 2026-09-07 06:35:29 : 5921 steps taken, and 1618 accepted.
[3 : mcmc] Progress @ 2026-09-07 06:35:29 : 6129 steps taken, and 1908 accepted.
[0 : mcmc] Learn + convergence test @ 3040 samples accepted.
[0 : mcmc] Ready to check convergence and learn a new proposal covmat (waiting for the rest...)
[1 : mcmc] Learn + convergence test @ 2280 samples accepted.
[1 : mcmc] Ready to check convergence and learn a new proposal covmat (waiting for the rest...)
[1 : mcmc] Progress @ 2026-09-07 06:36:29 : 8203 steps taken, and 2286 accepted.
[0 : mcmc] Progress @ 2026-09-07 06:36:29 : 13020 steps taken, and 3422 accepted.
[2 : mcmc] Progress @ 2026-09-07 06:36:29 : 7918 steps taken, and 2006 accepted.
[3 : mcmc] Progress @ 2026-09-07 06:36:29 : 8145 steps taken, and 2279 accepted.
[3 : mcmc] Learn + convergence test @ 2280 samples accepted.
[3 : mcmc] Ready to check convergence and learn a new proposal covmat (waiting for the rest...)
[2 : mcmc] Learn + convergence test @ 2280 samples accepted.
[2 : mcmc] Ready to check convergence and learn a new proposal covmat (waiting for the rest...)
[0 : mcmc] All chains are ready to check convergence and learn a new proposal covmat
[0 : mcmc]  - Acceptance rate: 0.197 = avg([0.2009, 0.1925, 0.1863, 0.2058])
[0 : mcmc]  - Convergence of means: R-1 = 3.353445 after 11506 accepted steps = sum([3669, 2747, 2280, 2810])
[0 : mcmc]  - Updated covariance matrix of proposal pdf.
[1 : mcmc] Progress @ 2026-09-07 06:37:29 : 11614 steps taken, and 2896 accepted.
[0 : mcmc] Progress @ 2026-09-07 06:37:29 : 15161 steps taken, and 3728 accepted.
[2 : mcmc] Progress @ 2026-09-07 06:37:29 : 9921 steps taken, and 2343 accepted.
[3 : mcmc] Progress @ 2026-09-07 06:37:29 : 11644 steps taken, and 2968 accepted.
[3 : mcmc] Learn + convergence test @ 3040 samples accepted.
[3 : mcmc] Ready to check convergence and learn a new proposal covmat (waiting for the rest...)
[1 : mcmc] Learn + convergence test @ 3040 samples accepted.
[1 : mcmc] Ready to check convergence and learn a new proposal covmat (waiting for the rest...)
[0 : mcmc] Learn + convergence test @ 3800 samples accepted.
[0 : mcmc] Ready to check convergence and learn a new proposal covmat (waiting for the rest...)
[1 : mcmc] Progress @ 2026-09-07 06:38:29 : 15164 steps taken, and 3528 accepted.
[0 : mcmc] Progress @ 2026-09-07 06:38:29 : 17169 steps taken, and 4075 accepted.
[2 : mcmc] Progress @ 2026-09-07 06:38:29 : 11950 steps taken, and 2656 accepted.
[3 : mcmc] Progress @ 2026-09-07 06:38:29 : 15220 steps taken, and 3536 accepted.
[1 : mcmc] Learn + convergence test @ 3800 samples accepted.
[3 : mcmc] Learn + convergence test @ 3800 samples accepted.
[1 : mcmc] Progress @ 2026-09-07 06:39:29 : 18756 steps taken, and 4169 accepted.
[0 : mcmc] Progress @ 2026-09-07 06:39:29 : 19193 steps taken, and 4418 accepted.
[2 : mcmc] Progress @ 2026-09-07 06:39:29 : 13961 steps taken, and 2984 accepted.
[3 : mcmc] Progress @ 2026-09-07 06:39:29 : 18752 steps taken, and 4111 accepted.
[2 : mcmc] Learn + convergence test @ 3040 samples accepted.
[2 : mcmc] Ready to check convergence and learn a new proposal covmat (waiting for the rest...)
[0 : mcmc] All chains are ready to check convergence and learn a new proposal covmat
[0 : mcmc]  - Acceptance rate: 0.176 = avg([0.1815, 0.1755, 0.1710, 0.1732])
[0 : mcmc]  - Convergence of means: R-1 = 1.259606 after 15974 accepted steps = sum([4473, 4253, 3040, 4208])
[0 : mcmc]  - Updated covariance matrix of proposal pdf.
[0 : mcmc] Learn + convergence test @ 4560 samples accepted.
[0 : mcmc] Ready to check convergence and learn a new proposal covmat (waiting for the rest...)
[1 : mcmc] Learn + convergence test @ 4560 samples accepted.
[1 : mcmc] Ready to check convergence and learn a new proposal covmat (waiting for the rest...)
[3 : mcmc] Learn + convergence test @ 4560 samples accepted.
[3 : mcmc] Ready to check convergence and learn a new proposal covmat (waiting for the rest...)
[1 : mcmc] Progress @ 2026-09-07 06:40:29 : 22340 steps taken, and 4747 accepted.
[0 : mcmc] Progress @ 2026-09-07 06:40:29 : 21201 steps taken, and 4798 accepted.
[2 : mcmc] Progress @ 2026-09-07 06:40:29 : 15969 steps taken, and 3314 accepted.
[3 : mcmc] Progress @ 2026-09-07 06:40:29 : 22301 steps taken, and 4715 accepted.
[1 : mcmc] Progress @ 2026-09-07 06:41:29 : 25911 steps taken, and 5302 accepted.
[0 : mcmc] Progress @ 2026-09-07 06:41:29 : 23246 steps taken, and 5063 accepted.
[2 : mcmc] Progress @ 2026-09-07 06:41:29 : 18033 steps taken, and 3592 accepted.
[3 : mcmc] Progress @ 2026-09-07 06:41:29 : 25755 steps taken, and 5226 accepted.
[1 : mcmc] Learn + convergence test @ 5320 samples accepted.
[3 : mcmc] Learn + convergence test @ 5320 samples accepted.
[2 : mcmc] Learn + convergence test @ 3800 samples accepted.
[2 : mcmc] Ready to check convergence and learn a new proposal covmat (waiting for the rest...)
[0 : mcmc] All chains are ready to check convergence and learn a new proposal covmat
[0 : mcmc]  - Acceptance rate: 0.164 = avg([0.1688, 0.1674, 0.1585, 0.1603])
[0 : mcmc]  - Convergence of means: R-1 = 0.644696 after 20211 accepted steps = sum([5298, 5677, 3800, 5436])
[0 : mcmc]  - Updated covariance matrix of proposal pdf.
[0 : mcmc] Learn + convergence test @ 5320 samples accepted.
[0 : mcmc] Ready to check convergence and learn a new proposal covmat (waiting for the rest...)
[1 : mcmc] Progress @ 2026-09-07 06:42:29 : 29479 steps taken, and 5902 accepted.
[0 : mcmc] Progress @ 2026-09-07 06:42:29 : 25256 steps taken, and 5418 accepted.
[2 : mcmc] Progress @ 2026-09-07 06:42:29 : 20103 steps taken, and 3898 accepted.
[3 : mcmc] Progress @ 2026-09-07 06:42:29 : 28040 steps taken, and 5532 accepted.
[1 : mcmc] Learn + convergence test @ 6080 samples accepted.
[1 : mcmc] Ready to check convergence and learn a new proposal covmat (waiting for the rest...)
[1 : mcmc] Progress @ 2026-09-07 06:43:29 : 31774 steps taken, and 6226 accepted.
[0 : mcmc] Progress @ 2026-09-07 06:43:29 : 27270 steps taken, and 5721 accepted.
[2 : mcmc] Progress @ 2026-09-07 06:43:29 : 22123 steps taken, and 4153 accepted.
[3 : mcmc] Progress @ 2026-09-07 06:43:29 : 31737 steps taken, and 6007 accepted.
[3 : mcmc] Learn + convergence test @ 6080 samples accepted.
[3 : mcmc] Ready to check convergence and learn a new proposal covmat (waiting for the rest...)
[1 : mcmc] Progress @ 2026-09-07 06:44:29 : 34062 steps taken, and 6544 accepted.
[0 : mcmc] Progress @ 2026-09-07 06:44:29 : 29292 steps taken, and 6000 accepted.
[3 : mcmc] Progress @ 2026-09-07 06:44:29 : 35251 steps taken, and 6493 accepted.
[2 : mcmc] Progress @ 2026-09-07 06:44:29 : 24130 steps taken, and 4433 accepted.
[0 : mcmc] Learn + convergence test @ 6080 samples accepted.
[2 : mcmc] Learn + convergence test @ 4560 samples accepted.
[2 : mcmc] Ready to check convergence and learn a new proposal covmat (waiting for the rest...)
[0 : mcmc] All chains are ready to check convergence and learn a new proposal covmat
[0 : mcmc]  - Acceptance rate: 0.155 = avg([0.1620, 0.1598, 0.1473, 0.1480])
[0 : mcmc]  - Convergence of means: R-1 = 0.413768 after 24058 accepted steps = sum([6127, 6680, 4560, 6691])
[0 : mcmc]  - Updated covariance matrix of proposal pdf.
[3 : mcmc] Learn + convergence test @ 6840 samples accepted.
[3 : mcmc] Ready to check convergence and learn a new proposal covmat (waiting for the rest...)
[1 : mcmc] Learn + convergence test @ 6840 samples accepted.
[1 : mcmc] Ready to check convergence and learn a new proposal covmat (waiting for the rest...)
[1 : mcmc] Progress @ 2026-09-07 06:45:29 : 36355 steps taken, and 6871 accepted.
[0 : mcmc] Progress @ 2026-09-07 06:45:29 : 31296 steps taken, and 6308 accepted.
[3 : mcmc] Progress @ 2026-09-07 06:45:29 : 38808 steps taken, and 7020 accepted.
[2 : mcmc] Progress @ 2026-09-07 06:45:29 : 26166 steps taken, and 4759 accepted.
[1 : mcmc] Progress @ 2026-09-07 06:46:29 : 38645 steps taken, and 7216 accepted.
[0 : mcmc] Progress @ 2026-09-07 06:46:29 : 33304 steps taken, and 6632 accepted.
[3 : mcmc] Progress @ 2026-09-07 06:46:29 : 42352 steps taken, and 7539 accepted.
[2 : mcmc] Progress @ 2026-09-07 06:46:29 : 28181 steps taken, and 5041 accepted.
[3 : mcmc] Learn + convergence test @ 7600 samples accepted.
[0 : mcmc] Learn + convergence test @ 6840 samples accepted.
[0 : mcmc] Ready to check convergence and learn a new proposal covmat (waiting for the rest...)
[2 : mcmc] Learn + convergence test @ 5320 samples accepted.
[2 : mcmc] Ready to check convergence and learn a new proposal covmat (waiting for the rest...)
[0 : mcmc] All chains are ready to check convergence and learn a new proposal covmat
[0 : mcmc]  - Acceptance rate: 0.151 = avg([0.1568, 0.1545, 0.1475, 0.1458])
[0 : mcmc]  - Convergence of means: R-1 = 0.382951 after 27714 accepted steps = sum([6893, 7503, 5320, 7998])
[0 : mcmc]  - Updated covariance matrix of proposal pdf.
[1 : mcmc] Progress @ 2026-09-07 06:47:29 : 40935 steps taken, and 7539 accepted.
[0 : mcmc] Progress @ 2026-09-07 06:47:29 : 35324 steps taken, and 6922 accepted.
[3 : mcmc] Progress @ 2026-09-07 06:47:29 : 45866 steps taken, and 8036 accepted.
[2 : mcmc] Progress @ 2026-09-07 06:47:29 : 30191 steps taken, and 5349 accepted.
[1 : mcmc] Learn + convergence test @ 7600 samples accepted.
[1 : mcmc] Ready to check convergence and learn a new proposal covmat (waiting for the rest...)
[3 : mcmc] Learn + convergence test @ 8360 samples accepted.
[3 : mcmc] Ready to check convergence and learn a new proposal covmat (waiting for the rest...)
[1 : mcmc] Progress @ 2026-09-07 06:48:29 : 43232 steps taken, and 7886 accepted.
[0 : mcmc] Progress @ 2026-09-07 06:48:29 : 37338 steps taken, and 7176 accepted.
[3 : mcmc] Progress @ 2026-09-07 06:48:29 : 49423 steps taken, and 8532 accepted.
[2 : mcmc] Progress @ 2026-09-07 06:48:29 : 32219 steps taken, and 5689 accepted.
[1 : mcmc] Progress @ 2026-09-07 06:49:29 : 45523 steps taken, and 8233 accepted.
[0 : mcmc] Progress @ 2026-09-07 06:49:29 : 39354 steps taken, and 7421 accepted.
[3 : mcmc] Progress @ 2026-09-07 06:49:29 : 53000 steps taken, and 9048 accepted.
[2 : mcmc] Progress @ 2026-09-07 06:49:29 : 34226 steps taken, and 5973 accepted.
[3 : mcmc] Learn + convergence test @ 9120 samples accepted.
[2 : mcmc] Learn + convergence test @ 6080 samples accepted.
[2 : mcmc] Ready to check convergence and learn a new proposal covmat (waiting for the rest...)
[1 : mcmc] Learn + convergence test @ 8360 samples accepted.
[0 : mcmc] Learn + convergence test @ 7600 samples accepted.
[0 : mcmc] Ready to check convergence and learn a new proposal covmat (waiting for the rest...)
[0 : mcmc] All chains are ready to check convergence and learn a new proposal covmat
[0 : mcmc]  - Acceptance rate: 0.148 = avg([0.1521, 0.1520, 0.1474, 0.1417])
[0 : mcmc]  - Convergence of means: R-1 = 0.374956 after 31572 accepted steps = sum([7600, 8440, 6180, 9352])
[0 : mcmc]  - Updated covariance matrix of proposal pdf.
[1 : mcmc] Progress @ 2026-09-07 06:50:29 : 47816 steps taken, and 8579 accepted.
[0 : mcmc] Progress @ 2026-09-07 06:50:29 : 41353 steps taken, and 7726 accepted.
[3 : mcmc] Progress @ 2026-09-07 06:50:29 : 56518 steps taken, and 9589 accepted.
[2 : mcmc] Progress @ 2026-09-07 06:50:29 : 36247 steps taken, and 6288 accepted.
[3 : mcmc] Learn + convergence test @ 9880 samples accepted.
[3 : mcmc] Ready to check convergence and learn a new proposal covmat (waiting for the rest...)
[1 : mcmc] Progress @ 2026-09-07 06:51:29 : 50106 steps taken, and 8942 accepted.
[0 : mcmc] Progress @ 2026-09-07 06:51:29 : 43373 steps taken, and 8027 accepted.
[3 : mcmc] Progress @ 2026-09-07 06:51:29 : 60058 steps taken, and 10084 accepted.
[2 : mcmc] Progress @ 2026-09-07 06:51:29 : 38268 steps taken, and 6547 accepted.
[1 : mcmc] Learn + convergence test @ 9120 samples accepted.
[1 : mcmc] Ready to check convergence and learn a new proposal covmat (waiting for the rest...)
[1 : mcmc] Progress @ 2026-09-07 06:52:29 : 52296 steps taken, and 9260 accepted.
[0 : mcmc] Progress @ 2026-09-07 06:52:29 : 45385 steps taken, and 8323 accepted.
[3 : mcmc] Progress @ 2026-09-07 06:52:29 : 63019 steps taken, and 10508 accepted.
[2 : mcmc] Progress @ 2026-09-07 06:52:29 : 40288 steps taken, and 6828 accepted.
[2 : mcmc] Learn + convergence test @ 6840 samples accepted.
[2 : mcmc] Ready to check convergence and learn a new proposal covmat (waiting for the rest...)
[0 : mcmc] Learn + convergence test @ 8360 samples accepted.
[0 : mcmc] Ready to check convergence and learn a new proposal covmat (waiting for the rest...)
[0 : mcmc] All chains are ready to check convergence and learn a new proposal covmat
[0 : mcmc]  - Acceptance rate: 0.146 = avg([0.1500, 0.1508, 0.1437, 0.1417])
[0 : mcmc]  - Convergence of means: R-1 = 0.251612 after 35060 accepted steps = sum([8360, 9299, 6855, 10546])
[0 : mcmc]  - Updated covariance matrix of proposal pdf.
[3 : mcmc] Learn + convergence test @ 10640 samples accepted.
[3 : mcmc] Ready to check convergence and learn a new proposal covmat (waiting for the rest...)
[1 : mcmc] Progress @ 2026-09-07 06:53:29 : 54344 steps taken, and 9540 accepted.
[0 : mcmc] Progress @ 2026-09-07 06:53:29 : 47403 steps taken, and 8614 accepted.
[3 : mcmc] Progress @ 2026-09-07 06:53:29 : 65066 steps taken, and 10803 accepted.
[2 : mcmc] Progress @ 2026-09-07 06:53:29 : 42345 steps taken, and 7108 accepted.
[1 : mcmc] Progress @ 2026-09-07 06:54:29 : 56382 steps taken, and 9842 accepted.
[0 : mcmc] Progress @ 2026-09-07 06:54:29 : 49408 steps taken, and 8925 accepted.
[3 : mcmc] Progress @ 2026-09-07 06:54:29 : 67121 steps taken, and 11105 accepted.
[2 : mcmc] Progress @ 2026-09-07 06:54:30 : 44384 steps taken, and 7383 accepted.
[1 : mcmc] Learn + convergence test @ 9880 samples accepted.
[1 : mcmc] Ready to check convergence and learn a new proposal covmat (waiting for the rest...)
[0 : mcmc] Learn + convergence test @ 9120 samples accepted.
[0 : mcmc] Ready to check convergence and learn a new proposal covmat (waiting for the rest...)
[2 : mcmc] Learn + convergence test @ 7600 samples accepted.
[2 : mcmc] Ready to check convergence and learn a new proposal covmat (waiting for the rest...)
[0 : mcmc] All chains are ready to check convergence and learn a new proposal covmat
[0 : mcmc]  - Acceptance rate: 0.146 = avg([0.1489, 0.1474, 0.1427, 0.1432])
[0 : mcmc]  - Convergence of means: R-1 = 0.177645 after 38169 accepted steps = sum([9177, 10028, 7600, 11364])
[0 : mcmc]  - Updated covariance matrix of proposal pdf.
[3 : mcmc] Learn + convergence test @ 11400 samples accepted.
[3 : mcmc] Ready to check convergence and learn a new proposal covmat (waiting for the rest...)
[1 : mcmc] Progress @ 2026-09-07 06:55:29 : 58453 steps taken, and 10079 accepted.
[0 : mcmc] Progress @ 2026-09-07 06:55:29 : 51398 steps taken, and 9224 accepted.
[3 : mcmc] Progress @ 2026-09-07 06:55:29 : 69742 steps taken, and 11463 accepted.
[2 : mcmc] Progress @ 2026-09-07 06:55:30 : 46394 steps taken, and 7649 accepted.
[1 : mcmc] Progress @ 2026-09-07 06:56:29 : 60483 steps taken, and 10382 accepted.
[0 : mcmc] Progress @ 2026-09-07 06:56:29 : 53433 steps taken, and 9514 accepted.
[3 : mcmc] Progress @ 2026-09-07 06:56:29 : 73309 steps taken, and 11949 accepted.
[2 : mcmc] Progress @ 2026-09-07 06:56:30 : 48400 steps taken, and 7964 accepted.
[3 : mcmc] Learn + convergence test @ 12160 samples accepted.
[1 : mcmc] Learn + convergence test @ 10640 samples accepted.
[1 : mcmc] Ready to check convergence and learn a new proposal covmat (waiting for the rest...)
[2 : mcmc] Learn + convergence test @ 8360 samples accepted.
[2 : mcmc] Ready to check convergence and learn a new proposal covmat (waiting for the rest...)
[1 : mcmc] Progress @ 2026-09-07 06:57:29 : 62514 steps taken, and 10674 accepted.
[0 : mcmc] Progress @ 2026-09-07 06:57:29 : 55555 steps taken, and 9824 accepted.
[3 : mcmc] Progress @ 2026-09-07 06:57:29 : 76877 steps taken, and 12475 accepted.
[2 : mcmc] Progress @ 2026-09-07 06:57:30 : 51150 steps taken, and 8368 accepted.
[0 : mcmc] Learn + convergence test @ 9880 samples accepted.
[0 : mcmc] Ready to check convergence and learn a new proposal covmat (waiting for the rest...)
[0 : mcmc] All chains are ready to check convergence and learn a new proposal covmat
[0 : mcmc]  - Acceptance rate: 0.145 = avg([0.1463, 0.1461, 0.1455, 0.1439])
[0 : mcmc]  - Convergence of means: R-1 = 0.152184 after 41597 accepted steps = sum([9880, 10705, 8444, 12568])
[0 : mcmc]  - Updated covariance matrix of proposal pdf.
[3 : mcmc] Learn + convergence test @ 12920 samples accepted.
[3 : mcmc] Ready to check convergence and learn a new proposal covmat (waiting for the rest...)
[1 : mcmc] Progress @ 2026-09-07 06:58:29 : 64533 steps taken, and 10898 accepted.
[0 : mcmc] Progress @ 2026-09-07 06:58:29 : 57794 steps taken, and 10140 accepted.
[3 : mcmc] Progress @ 2026-09-07 06:58:29 : 80417 steps taken, and 12983 accepted.
[2 : mcmc] Progress @ 2026-09-07 06:58:30 : 54673 steps taken, and 8873 accepted.
[2 : mcmc] Learn + convergence test @ 9120 samples accepted.
[2 : mcmc] Ready to check convergence and learn a new proposal covmat (waiting for the rest...)
[1 : mcmc] Progress @ 2026-09-07 06:59:29 : 66543 steps taken, and 11199 accepted.
[0 : mcmc] Progress @ 2026-09-07 06:59:29 : 60059 steps taken, and 10488 accepted.
[3 : mcmc] Progress @ 2026-09-07 06:59:29 : 83906 steps taken, and 13492 accepted.
[2 : mcmc] Progress @ 2026-09-07 06:59:30 : 58166 steps taken, and 9361 accepted.
[3 : mcmc] Learn + convergence test @ 13680 samples accepted.
[0 : mcmc] Learn + convergence test @ 10640 samples accepted.
[0 : mcmc] Ready to check convergence and learn a new proposal covmat (waiting for the rest...)
[1 : mcmc] Learn + convergence test @ 11400 samples accepted.
[1 : mcmc] Ready to check convergence and learn a new proposal covmat (waiting for the rest...)
[0 : mcmc] All chains are ready to check convergence and learn a new proposal covmat
[0 : mcmc]  - Acceptance rate: 0.144 = avg([0.1463, 0.1440, 0.1429, 0.1441])
[0 : mcmc]  - Convergence of means: R-1 = 0.098621 after 45553 accepted steps = sum([10724, 11400, 9626, 13803])
[0 : mcmc]  - Updated covariance matrix of proposal pdf.
[1 : mcmc] Progress @ 2026-09-07 07:00:29 : 68520 steps taken, and 11490 accepted.
[3 : mcmc] Progress @ 2026-09-07 07:00:29 : 86500 steps taken, and 13866 accepted.
[0 : mcmc] Progress @ 2026-09-07 07:00:29 : 62183 steps taken, and 10798 accepted.
[2 : mcmc] Progress @ 2026-09-07 07:00:30 : 60701 steps taken, and 9698 accepted.
[2 : mcmc] Learn + convergence test @ 9880 samples accepted.
[2 : mcmc] Ready to check convergence and learn a new proposal covmat (waiting for the rest...)
[1 : mcmc] Progress @ 2026-09-07 07:01:29 : 71406 steps taken, and 11842 accepted.
[0 : mcmc] Progress @ 2026-09-07 07:01:30 : 64118 steps taken, and 11073 accepted.
[3 : mcmc] Progress @ 2026-09-07 07:01:30 : 88582 steps taken, and 14182 accepted.
[2 : mcmc] Progress @ 2026-09-07 07:01:30 : 63215 steps taken, and 10075 accepted.
[1 : mcmc] Learn + convergence test @ 12160 samples accepted.
[1 : mcmc] Ready to check convergence and learn a new proposal covmat (waiting for the rest...)
[3 : mcmc] Learn + convergence test @ 14440 samples accepted.
[3 : mcmc] Ready to check convergence and learn a new proposal covmat (waiting for the rest...)
[1 : mcmc] Progress @ 2026-09-07 07:02:29 : 74243 steps taken, and 12224 accepted.
[0 : mcmc] Progress @ 2026-09-07 07:02:30 : 66131 steps taken, and 11349 accepted.
[3 : mcmc] Progress @ 2026-09-07 07:02:30 : 90615 steps taken, and 14474 accepted.
[2 : mcmc] Progress @ 2026-09-07 07:02:30 : 65179 steps taken, and 10391 accepted.
[0 : mcmc] Learn + convergence test @ 11400 samples accepted.
[0 : mcmc] Ready to check convergence and learn a new proposal covmat (waiting for the rest...)
[0 : mcmc] All chains are ready to check convergence and learn a new proposal covmat
[0 : mcmc]  - Acceptance rate: 0.144 = avg([0.1453, 0.1415, 0.1446, 0.1437])
[0 : mcmc]  - Convergence of means: R-1 = 0.119049 after 48604 accepted steps = sum([11400, 12259, 10425, 14520])
[0 : mcmc]  - Updated covariance matrix of proposal pdf.
[2 : mcmc] Learn + convergence test @ 10640 samples accepted.
[2 : mcmc] Ready to check convergence and learn a new proposal covmat (waiting for the rest...)
[1 : mcmc] Progress @ 2026-09-07 07:03:29 : 76199 steps taken, and 12513 accepted.
[0 : mcmc] Progress @ 2026-09-07 07:03:30 : 68642 steps taken, and 11697 accepted.
[3 : mcmc] Progress @ 2026-09-07 07:03:30 : 92621 steps taken, and 14772 accepted.
[2 : mcmc] Progress @ 2026-09-07 07:03:30 : 67178 steps taken, and 10679 accepted.
[0 : mcmc] Learn + convergence test @ 12160 samples accepted.
[0 : mcmc] Ready to check convergence and learn a new proposal covmat (waiting for the rest...)
[1 : mcmc] Progress @ 2026-09-07 07:04:29 : 78230 steps taken, and 12834 accepted.
[0 : mcmc] Progress @ 2026-09-07 07:04:30 : 72140 steps taken, and 12204 accepted.
[3 : mcmc] Progress @ 2026-09-07 07:04:30 : 94676 steps taken, and 15049 accepted.
[2 : mcmc] Progress @ 2026-09-07 07:04:30 : 69474 steps taken, and 10971 accepted.
[1 : mcmc] Learn + convergence test @ 12920 samples accepted.
[1 : mcmc] Ready to check convergence and learn a new proposal covmat (waiting for the rest...)
[3 : mcmc] Learn + convergence test @ 15200 samples accepted.
[3 : mcmc] Ready to check convergence and learn a new proposal covmat (waiting for the rest...)
[0 : mcmc] All chains are ready to check convergence and learn a new proposal covmat
[0 : mcmc]  - Acceptance rate: 0.143 = avg([0.1450, 0.1418, 0.1431, 0.1436])
[0 : mcmc]  - Convergence of means: R-1 = 0.117437 after 51836 accepted steps = sum([12492, 12959, 11185, 15200])
[0 : mcmc]  - Updated covariance matrix of proposal pdf.
[1 : mcmc] Progress @ 2026-09-07 07:05:29 : 80253 steps taken, and 13072 accepted.
[0 : mcmc] Progress @ 2026-09-07 07:05:30 : 75612 steps taken, and 12702 accepted.
[3 : mcmc] Progress @ 2026-09-07 07:05:30 : 96671 steps taken, and 15342 accepted.
[2 : mcmc] Progress @ 2026-09-07 07:05:30 : 71761 steps taken, and 11337 accepted.
[2 : mcmc] Learn + convergence test @ 11400 samples accepted.
[2 : mcmc] Ready to check convergence and learn a new proposal covmat (waiting for the rest...)
[0 : mcmc] Learn + convergence test @ 12920 samples accepted.
[0 : mcmc] Ready to check convergence and learn a new proposal covmat (waiting for the rest...)
[1 : mcmc] Progress @ 2026-09-07 07:06:30 : 82271 steps taken, and 13341 accepted.
[0 : mcmc] Progress @ 2026-09-07 07:06:30 : 79078 steps taken, and 13149 accepted.
[3 : mcmc] Progress @ 2026-09-07 07:06:30 : 98690 steps taken, and 15625 accepted.
[2 : mcmc] Progress @ 2026-09-07 07:06:30 : 74752 steps taken, and 11741 accepted.
[2 : mcmc] Learn + convergence test @ 12160 samples accepted.
[1 : mcmc] Progress @ 2026-09-07 07:07:30 : 84299 steps taken, and 13577 accepted.
[0 : mcmc] Progress @ 2026-09-07 07:07:30 : 82604 steps taken, and 13629 accepted.
[3 : mcmc] Progress @ 2026-09-07 07:07:30 : 100741 steps taken, and 15897 accepted.
[2 : mcmc] Progress @ 2026-09-07 07:07:30 : 78341 steps taken, and 12355 accepted.
[0 : mcmc] Learn + convergence test @ 13680 samples accepted.
[3 : mcmc] Learn + convergence test @ 15960 samples accepted.
[3 : mcmc] Ready to check convergence and learn a new proposal covmat (waiting for the rest...)
[1 : mcmc] Learn + convergence test @ 13680 samples accepted.
[1 : mcmc] Ready to check convergence and learn a new proposal covmat (waiting for the rest...)
[0 : mcmc] All chains are ready to check convergence and learn a new proposal covmat
[0 : mcmc]  - Acceptance rate: 0.142 = avg([0.1418, 0.1396, 0.1437, 0.1428])
[0 : mcmc]  - Convergence of means: R-1 = 0.106945 after 56086 accepted steps = sum([13843, 13680, 12558, 16005])
[0 : mcmc]  - Updated covariance matrix of proposal pdf.
[1 : mcmc] Progress @ 2026-09-07 07:08:30 : 86320 steps taken, and 13841 accepted.
[0 : mcmc] Progress @ 2026-09-07 07:08:30 : 86120 steps taken, and 14140 accepted.
[2 : mcmc] Progress @ 2026-09-07 07:08:30 : 81936 steps taken, and 12881 accepted.
[3 : mcmc] Progress @ 2026-09-07 07:08:30 : 102809 steps taken, and 16138 accepted.
[2 : mcmc] Learn + convergence test @ 12920 samples accepted.
[2 : mcmc] Ready to check convergence and learn a new proposal covmat (waiting for the rest...)
[0 : mcmc] Learn + convergence test @ 14440 samples accepted.
[0 : mcmc] Ready to check convergence and learn a new proposal covmat (waiting for the rest...)
[0 : mcmc] Progress @ 2026-09-07 07:09:30 : 89625 steps taken, and 14641 accepted.
[1 : mcmc] Progress @ 2026-09-07 07:09:30 : 88331 steps taken, and 14130 accepted.
[2 : mcmc] Progress @ 2026-09-07 07:09:30 : 85504 steps taken, and 13387 accepted.
[3 : mcmc] Progress @ 2026-09-07 07:09:30 : 104820 steps taken, and 16421 accepted.
[2 : mcmc] Learn + convergence test @ 13680 samples accepted.
[0 : mcmc] Progress @ 2026-09-07 07:10:30 : 93174 steps taken, and 15129 accepted.
[1 : mcmc] Progress @ 2026-09-07 07:10:30 : 90380 steps taken, and 14377 accepted.
[2 : mcmc] Progress @ 2026-09-07 07:10:30 : 89103 steps taken, and 13913 accepted.
[3 : mcmc] Progress @ 2026-09-07 07:10:30 : 106832 steps taken, and 16704 accepted.
[3 : mcmc] Learn + convergence test @ 16720 samples accepted.
[3 : mcmc] Ready to check convergence and learn a new proposal covmat (waiting for the rest...)
[0 : mcmc] Learn + convergence test @ 15200 samples accepted.
[1 : mcmc] Learn + convergence test @ 14440 samples accepted.
[1 : mcmc] Ready to check convergence and learn a new proposal covmat (waiting for the rest...)
[0 : mcmc] All chains are ready to check convergence and learn a new proposal covmat
[0 : mcmc]  - Acceptance rate: 0.142 = avg([0.1428, 0.1383, 0.1447, 0.1423])
[0 : mcmc]  - Convergence of means: R-1 = 0.108277 after 60464 accepted steps = sum([15252, 14440, 14013, 16759])
[0 : mcmc]  - Updated covariance matrix of proposal pdf.
[0 : mcmc] Progress @ 2026-09-07 07:11:30 : 96732 steps taken, and 15625 accepted.
[1 : mcmc] Progress @ 2026-09-07 07:11:30 : 92414 steps taken, and 14636 accepted.
[2 : mcmc] Progress @ 2026-09-07 07:11:30 : 92697 steps taken, and 14366 accepted.
[3 : mcmc] Progress @ 2026-09-07 07:11:30 : 108849 steps taken, and 16997 accepted.
[2 : mcmc] Learn + convergence test @ 14440 samples accepted.
[2 : mcmc] Ready to check convergence and learn a new proposal covmat (waiting for the rest...)
[0 : mcmc] Learn + convergence test @ 15960 samples accepted.
[0 : mcmc] Ready to check convergence and learn a new proposal covmat (waiting for the rest...)
[0 : mcmc] Progress @ 2026-09-07 07:12:30 : 99599 steps taken, and 16053 accepted.
[1 : mcmc] Progress @ 2026-09-07 07:12:30 : 94431 steps taken, and 14876 accepted.
[2 : mcmc] Progress @ 2026-09-07 07:12:30 : 95769 steps taken, and 14791 accepted.
[3 : mcmc] Progress @ 2026-09-07 07:12:30 : 110851 steps taken, and 17293 accepted.
[3 : mcmc] Learn + convergence test @ 17480 samples accepted.
[3 : mcmc] Ready to check convergence and learn a new proposal covmat (waiting for the rest...)
[2 : mcmc] Learn + convergence test @ 15200 samples accepted.
[0 : mcmc] Progress @ 2026-09-07 07:13:30 : 102754 steps taken, and 16510 accepted.
[1 : mcmc] Progress @ 2026-09-07 07:13:30 : 96442 steps taken, and 15163 accepted.
[2 : mcmc] Progress @ 2026-09-07 07:13:30 : 99021 steps taken, and 15290 accepted.
[3 : mcmc] Progress @ 2026-09-07 07:13:30 : 112896 steps taken, and 17605 accepted.
[1 : mcmc] Learn + convergence test @ 15200 samples accepted.
[1 : mcmc] Ready to check convergence and learn a new proposal covmat (waiting for the rest...)
[0 : mcmc] All chains are ready to check convergence and learn a new proposal covmat
[0 : mcmc]  - Acceptance rate: 0.142 = avg([0.1428, 0.1371, 0.1450, 0.1432])
[0 : mcmc]  - Convergence of means: R-1 = 0.127316 after 64813 accepted steps = sum([16596, 15200, 15365, 17652])
[0 : mcmc]  - Updated covariance matrix of proposal pdf.
[0 : mcmc] Learn + convergence test @ 16720 samples accepted.
[0 : mcmc] Ready to check convergence and learn a new proposal covmat (waiting for the rest...)
[0 : mcmc] Progress @ 2026-09-07 07:14:30 : 106221 steps taken, and 17002 accepted.
[1 : mcmc] Progress @ 2026-09-07 07:14:30 : 98442 steps taken, and 15435 accepted.
[2 : mcmc] Progress @ 2026-09-07 07:14:30 : 102623 steps taken, and 15750 accepted.
[3 : mcmc] Progress @ 2026-09-07 07:14:30 : 114904 steps taken, and 17891 accepted.
[2 : mcmc] Learn + convergence test @ 15960 samples accepted.
[2 : mcmc] Ready to check convergence and learn a new proposal covmat (waiting for the rest...)
[0 : mcmc] Learn + convergence test @ 17480 samples accepted.
[0 : mcmc] Progress @ 2026-09-07 07:15:30 : 109667 steps taken, and 17504 accepted.
[1 : mcmc] Progress @ 2026-09-07 07:15:30 : 100456 steps taken, and 15718 accepted.
[2 : mcmc] Progress @ 2026-09-07 07:15:30 : 106218 steps taken, and 16326 accepted.
[3 : mcmc] Progress @ 2026-09-07 07:15:30 : 116913 steps taken, and 18178 accepted.
[3 : mcmc] Learn + convergence test @ 18240 samples accepted.
[3 : mcmc] Ready to check convergence and learn a new proposal covmat (waiting for the rest...)
[1 : mcmc] Learn + convergence test @ 15960 samples accepted.
[1 : mcmc] Ready to check convergence and learn a new proposal covmat (waiting for the rest...)
[0 : mcmc] All chains are ready to check convergence and learn a new proposal covmat
[0 : mcmc]  - Acceptance rate: 0.142 = avg([0.1422, 0.1371, 0.1438, 0.1426])
[0 : mcmc]  - Convergence of means: R-1 = 0.105736 after 68862 accepted steps = sum([17870, 15960, 16679, 18353])
[0 : mcmc]  - Updated covariance matrix of proposal pdf.
[2 : mcmc] Learn + convergence test @ 16720 samples accepted.
[2 : mcmc] Ready to check convergence and learn a new proposal covmat (waiting for the rest...)
[0 : mcmc] Progress @ 2026-09-07 07:16:30 : 113145 steps taken, and 17999 accepted.
[1 : mcmc] Progress @ 2026-09-07 07:16:30 : 102466 steps taken, and 16034 accepted.
[2 : mcmc] Progress @ 2026-09-07 07:16:30 : 109829 steps taken, and 16820 accepted.
[3 : mcmc] Progress @ 2026-09-07 07:16:30 : 118957 steps taken, and 18434 accepted.
[0 : mcmc] Learn + convergence test @ 18240 samples accepted.
[0 : mcmc] Ready to check convergence and learn a new proposal covmat (waiting for the rest...)
[0 : mcmc] Progress @ 2026-09-07 07:17:30 : 115936 steps taken, and 18404 accepted.
[2 : mcmc] Progress @ 2026-09-07 07:17:30 : 113301 steps taken, and 17262 accepted.
[1 : mcmc] Progress @ 2026-09-07 07:17:30 : 104466 steps taken, and 16357 accepted.
[3 : mcmc] Progress @ 2026-09-07 07:17:30 : 121085 steps taken, and 18717 accepted.
[2 : mcmc] Learn + convergence test @ 17480 samples accepted.
[0 : mcmc] Progress @ 2026-09-07 07:18:30 : 117941 steps taken, and 18707 accepted.
[2 : mcmc] Progress @ 2026-09-07 07:18:30 : 116887 steps taken, and 17745 accepted.
[1 : mcmc] Progress @ 2026-09-07 07:18:30 : 106483 steps taken, and 16638 accepted.
[3 : mcmc] Progress @ 2026-09-07 07:18:30 : 123108 steps taken, and 18994 accepted.
[3 : mcmc] Learn + convergence test @ 19000 samples accepted.
[3 : mcmc] Ready to check convergence and learn a new proposal covmat (waiting for the rest...)
[1 : mcmc] Learn + convergence test @ 16720 samples accepted.
[1 : mcmc] Ready to check convergence and learn a new proposal covmat (waiting for the rest...)
[0 : mcmc] All chains are ready to check convergence and learn a new proposal covmat
[0 : mcmc]  - Acceptance rate: 0.141 = avg([0.1429, 0.1380, 0.1424, 0.1411])
[0 : mcmc]  - Convergence of means: R-1 = 0.110535 after 72417 accepted steps = sum([18785, 16720, 17860, 19052])
[0 : mcmc]  - Updated covariance matrix of proposal pdf.
[0 : mcmc] Learn + convergence test @ 19000 samples accepted.
[0 : mcmc] Ready to check convergence and learn a new proposal covmat (waiting for the rest...)
[0 : mcmc] Progress @ 2026-09-07 07:19:30 : 119960 steps taken, and 19022 accepted.
[2 : mcmc] Progress @ 2026-09-07 07:19:30 : 120484 steps taken, and 18222 accepted.
[1 : mcmc] Progress @ 2026-09-07 07:19:30 : 108477 steps taken, and 16984 accepted.
[3 : mcmc] Progress @ 2026-09-07 07:19:30 : 125121 steps taken, and 19287 accepted.
[2 : mcmc] Learn + convergence test @ 18240 samples accepted.
[2 : mcmc] Ready to check convergence and learn a new proposal covmat (waiting for the rest...)
[0 : mcmc] Progress @ 2026-09-07 07:20:30 : 121966 steps taken, and 19281 accepted.
[2 : mcmc] Progress @ 2026-09-07 07:20:30 : 124090 steps taken, and 18784 accepted.
[1 : mcmc] Progress @ 2026-09-07 07:20:30 : 110504 steps taken, and 17292 accepted.
[3 : mcmc] Progress @ 2026-09-07 07:20:30 : 127134 steps taken, and 19597 accepted.
[2 : mcmc] Learn + convergence test @ 19000 samples accepted.
[3 : mcmc] Learn + convergence test @ 19760 samples accepted.
[3 : mcmc] Ready to check convergence and learn a new proposal covmat (waiting for the rest...)
[1 : mcmc] Learn + convergence test @ 17480 samples accepted.
[1 : mcmc] Ready to check convergence and learn a new proposal covmat (waiting for the rest...)
[0 : mcmc] All chains are ready to check convergence and learn a new proposal covmat
[0 : mcmc]  - Acceptance rate: 0.141 = avg([0.1425, 0.1389, 0.1425, 0.1413])
[0 : mcmc]  - Convergence of means: R-1 = 0.093507 after 75757 accepted steps = sum([19445, 17480, 19065, 19767])
[0 : mcmc]  - Updated covariance matrix of proposal pdf.
[0 : mcmc] Progress @ 2026-09-07 07:21:30 : 123964 steps taken, and 19572 accepted.
[2 : mcmc] Progress @ 2026-09-07 07:21:30 : 127701 steps taken, and 19293 accepted.
[1 : mcmc] Progress @ 2026-09-07 07:21:30 : 112514 steps taken, and 17602 accepted.
[3 : mcmc] Progress @ 2026-09-07 07:21:30 : 129226 steps taken, and 19847 accepted.
[0 : mcmc] Learn + convergence test @ 19760 samples accepted.
[0 : mcmc] Ready to check convergence and learn a new proposal covmat (waiting for the rest...)
[2 : mcmc] Learn + convergence test @ 19760 samples accepted.
[2 : mcmc] Ready to check convergence and learn a new proposal covmat (waiting for the rest...)
[0 : mcmc] Progress @ 2026-09-07 07:22:30 : 125965 steps taken, and 19862 accepted.
[2 : mcmc] Progress @ 2026-09-07 07:22:30 : 131421 steps taken, and 19778 accepted.
[1 : mcmc] Progress @ 2026-09-07 07:22:30 : 114571 steps taken, and 17862 accepted.
[3 : mcmc] Progress @ 2026-09-07 07:22:30 : 131296 steps taken, and 20152 accepted.
[0 : mcmc] Progress @ 2026-09-07 07:23:30 : 127985 steps taken, and 20191 accepted.
[2 : mcmc] Progress @ 2026-09-07 07:23:30 : 135024 steps taken, and 20295 accepted.
[1 : mcmc] Progress @ 2026-09-07 07:23:30 : 116586 steps taken, and 18132 accepted.
[3 : mcmc] Progress @ 2026-09-07 07:23:30 : 133423 steps taken, and 20376 accepted.
[2 : mcmc] Learn + convergence test @ 20520 samples accepted.
[1 : mcmc] Learn + convergence test @ 18240 samples accepted.
[1 : mcmc] Ready to check convergence and learn a new proposal covmat (waiting for the rest...)
[3 : mcmc] Learn + convergence test @ 20520 samples accepted.
[3 : mcmc] Ready to check convergence and learn a new proposal covmat (waiting for the rest...)
[0 : mcmc] All chains are ready to check convergence and learn a new proposal covmat
[0 : mcmc]  - Acceptance rate: 0.141 = avg([0.1431, 0.1379, 0.1421, 0.1399])
[0 : mcmc]  - Convergence of means: R-1 = 0.103681 after 79719 accepted steps = sum([20345, 18269, 20585, 20520])
[0 : mcmc]  - Updated covariance matrix of proposal pdf.
[2 : mcmc] Progress @ 2026-09-07 07:24:30 : 138697 steps taken, and 20846 accepted.
[0 : mcmc] Progress @ 2026-09-07 07:24:30 : 129998 steps taken, and 20459 accepted.
[3 : mcmc] Progress @ 2026-09-07 07:24:30 : 135473 steps taken, and 20654 accepted.
[1 : mcmc] Progress @ 2026-09-07 07:24:30 : 118604 steps taken, and 18392 accepted.
[0 : mcmc] Learn + convergence test @ 20520 samples accepted.
[0 : mcmc] Ready to check convergence and learn a new proposal covmat (waiting for the rest...)
[2 : mcmc] Learn + convergence test @ 21280 samples accepted.
[2 : mcmc] Ready to check convergence and learn a new proposal covmat (waiting for the rest...)
[2 : mcmc] Progress @ 2026-09-07 07:25:30 : 141884 steps taken, and 21298 accepted.
[0 : mcmc] Progress @ 2026-09-07 07:25:30 : 132595 steps taken, and 20852 accepted.
[3 : mcmc] Progress @ 2026-09-07 07:25:30 : 137479 steps taken, and 20930 accepted.
[1 : mcmc] Progress @ 2026-09-07 07:25:30 : 121052 steps taken, and 18685 accepted.
[1 : mcmc] Learn + convergence test @ 19000 samples accepted.
[1 : mcmc] Ready to check convergence and learn a new proposal covmat (waiting for the rest...)
[2 : mcmc] Progress @ 2026-09-07 07:26:30 : 143640 steps taken, and 21543 accepted.
[0 : mcmc] Progress @ 2026-09-07 07:26:30 : 134371 steps taken, and 21114 accepted.
[3 : mcmc] Progress @ 2026-09-07 07:26:30 : 139807 steps taken, and 21268 accepted.
[1 : mcmc] Progress @ 2026-09-07 07:26:30 : 123567 steps taken, and 19013 accepted.
[3 : mcmc] Learn + convergence test @ 21280 samples accepted.
[3 : mcmc] Ready to check convergence and learn a new proposal covmat (waiting for the rest...)
[0 : mcmc] All chains are ready to check convergence and learn a new proposal covmat
[0 : mcmc]  - Acceptance rate: 0.141 = avg([0.1427, 0.1370, 0.1425, 0.1398])
[0 : mcmc]  - Convergence of means: R-1 = 0.132010 after 82999 accepted steps = sum([21126, 19035, 21558, 21280])
[0 : mcmc]  - Updated covariance matrix of proposal pdf.
[0 : mcmc] Learn + convergence test @ 21280 samples accepted.
[0 : mcmc] Ready to check convergence and learn a new proposal covmat (waiting for the rest...)
[0 : mcmc] Progress @ 2026-09-07 07:27:30 : 136490 steps taken, and 21368 accepted.
[2 : mcmc] Progress @ 2026-09-07 07:27:30 : 145641 steps taken, and 21888 accepted.
[3 : mcmc] Progress @ 2026-09-07 07:27:30 : 143259 steps taken, and 21762 accepted.
[1 : mcmc] Progress @ 2026-09-07 07:27:30 : 127052 steps taken, and 19483 accepted.
[3 : mcmc] Learn + convergence test @ 22040 samples accepted.
[3 : mcmc] Ready to check convergence and learn a new proposal covmat (waiting for the rest...)
[2 : mcmc] Learn + convergence test @ 22040 samples accepted.
[2 : mcmc] Ready to check convergence and learn a new proposal covmat (waiting for the rest...)
[1 : mcmc] Learn + convergence test @ 19760 samples accepted.
[1 : mcmc] Ready to check convergence and learn a new proposal covmat (waiting for the rest...)
[0 : mcmc] All chains are ready to check convergence and learn a new proposal covmat
[0 : mcmc]  - Acceptance rate: 0.140 = avg([0.1420, 0.1359, 0.1429, 0.1406])
[0 : mcmc]  - Convergence of means: R-1 = 0.133427 after 85464 accepted steps = sum([21533, 19760, 22057, 22114])
[0 : mcmc]  - Updated covariance matrix of proposal pdf.
[0 : mcmc] Progress @ 2026-09-07 07:28:30 : 138495 steps taken, and 21667 accepted.
[2 : mcmc] Progress @ 2026-09-07 07:28:30 : 147706 steps taken, and 22150 accepted.
[3 : mcmc] Progress @ 2026-09-07 07:28:30 : 146750 steps taken, and 22273 accepted.
[1 : mcmc] Progress @ 2026-09-07 07:28:30 : 130627 steps taken, and 19930 accepted.
[3 : mcmc] Learn + convergence test @ 22800 samples accepted.
[3 : mcmc] Ready to check convergence and learn a new proposal covmat (waiting for the rest...)
[0 : mcmc] Progress @ 2026-09-07 07:29:30 : 140552 steps taken, and 21939 accepted.
[2 : mcmc] Progress @ 2026-09-07 07:29:30 : 149719 steps taken, and 22429 accepted.
[3 : mcmc] Progress @ 2026-09-07 07:29:30 : 150344 steps taken, and 22807 accepted.
[1 : mcmc] Progress @ 2026-09-07 07:29:30 : 134245 steps taken, and 20469 accepted.
[1 : mcmc] Learn + convergence test @ 20520 samples accepted.
[1 : mcmc] Ready to check convergence and learn a new proposal covmat (waiting for the rest...)
[0 : mcmc] Learn + convergence test @ 22040 samples accepted.
[0 : mcmc] Ready to check convergence and learn a new proposal covmat (waiting for the rest...)
[0 : mcmc] Progress @ 2026-09-07 07:30:30 : 142588 steps taken, and 22201 accepted.
[2 : mcmc] Progress @ 2026-09-07 07:30:30 : 151784 steps taken, and 22679 accepted.
[1 : mcmc] Progress @ 2026-09-07 07:30:30 : 137937 steps taken, and 20991 accepted.
[3 : mcmc] Progress @ 2026-09-07 07:30:30 : 153864 steps taken, and 23292 accepted.
[2 : mcmc] Learn + convergence test @ 22800 samples accepted.
[2 : mcmc] Ready to check convergence and learn a new proposal covmat (waiting for the rest...)
[0 : mcmc] All chains are ready to check convergence and learn a new proposal covmat
[0 : mcmc]  - Acceptance rate: 0.141 = avg([0.1424, 0.1367, 0.1419, 0.1410])
[0 : mcmc]  - Convergence of means: R-1 = 0.130937 after 89895 accepted steps = sum([22357, 21197, 22800, 23541])
[0 : mcmc]  - Updated covariance matrix of proposal pdf.
[3 : mcmc] Learn + convergence test @ 23560 samples accepted.
[3 : mcmc] Ready to check convergence and learn a new proposal covmat (waiting for the rest...)
[1 : mcmc] Learn + convergence test @ 21280 samples accepted.
[1 : mcmc] Ready to check convergence and learn a new proposal covmat (waiting for the rest...)
[0 : mcmc] Progress @ 2026-09-07 07:31:30 : 144612 steps taken, and 22535 accepted.
[2 : mcmc] Progress @ 2026-09-07 07:31:30 : 153806 steps taken, and 22968 accepted.
[3 : mcmc] Progress @ 2026-09-07 07:31:30 : 157401 steps taken, and 23785 accepted.
[1 : mcmc] Progress @ 2026-09-07 07:31:30 : 141556 steps taken, and 21478 accepted.
[0 : mcmc] Learn + convergence test @ 22800 samples accepted.
[0 : mcmc] Ready to check convergence and learn a new proposal covmat (waiting for the rest...)
[0 : mcmc] Progress @ 2026-09-07 07:32:30 : 146633 steps taken, and 22814 accepted.
[2 : mcmc] Progress @ 2026-09-07 07:32:30 : 156225 steps taken, and 23333 accepted.
[3 : mcmc] Progress @ 2026-09-07 07:32:30 : 160599 steps taken, and 24270 accepted.
[1 : mcmc] Progress @ 2026-09-07 07:32:30 : 145137 steps taken, and 21963 accepted.
[3 : mcmc] Learn + convergence test @ 24320 samples accepted.
[1 : mcmc] Learn + convergence test @ 22040 samples accepted.
[2 : mcmc] Learn + convergence test @ 23560 samples accepted.
[2 : mcmc] Ready to check convergence and learn a new proposal covmat (waiting for the rest...)
[0 : mcmc] All chains are ready to check convergence and learn a new proposal covmat
[0 : mcmc]  - Acceptance rate: 0.141 = avg([0.1425, 0.1370, 0.1423, 0.1413])
[0 : mcmc]  - Convergence of means: R-1 = 0.126490 after 93163 accepted steps = sum([22971, 22174, 23560, 24458])
[0 : mcmc]  - Updated covariance matrix of proposal pdf.
[0 : mcmc] Progress @ 2026-09-07 07:33:30 : 148659 steps taken, and 23147 accepted.
[2 : mcmc] Progress @ 2026-09-07 07:33:30 : 159794 steps taken, and 23864 accepted.
[3 : mcmc] Progress @ 2026-09-07 07:33:30 : 162876 steps taken, and 24620 accepted.
[1 : mcmc] Progress @ 2026-09-07 07:33:30 : 148716 steps taken, and 22415 accepted.
[1 : mcmc] Learn + convergence test @ 22800 samples accepted.
[1 : mcmc] Ready to check convergence and learn a new proposal covmat (waiting for the rest...)
[2 : mcmc] Learn + convergence test @ 24320 samples accepted.
[2 : mcmc] Ready to check convergence and learn a new proposal covmat (waiting for the rest...)
[0 : mcmc] Progress @ 2026-09-07 07:34:30 : 150687 steps taken, and 23454 accepted.
[3 : mcmc] Progress @ 2026-09-07 07:34:30 : 165280 steps taken, and 24900 accepted.
[2 : mcmc] Progress @ 2026-09-07 07:34:30 : 163238 steps taken, and 24362 accepted.
[1 : mcmc] Progress @ 2026-09-07 07:34:30 : 152356 steps taken, and 22928 accepted.
[3 : mcmc] Learn + convergence test @ 25080 samples accepted.
[3 : mcmc] Ready to check convergence and learn a new proposal covmat (waiting for the rest...)
[0 : mcmc] Learn + convergence test @ 23560 samples accepted.
[0 : mcmc] Ready to check convergence and learn a new proposal covmat (waiting for the rest...)
[0 : mcmc] All chains are ready to check convergence and learn a new proposal covmat
[0 : mcmc]  - Acceptance rate: 0.141 = avg([0.1433, 0.1367, 0.1419, 0.1407])
[0 : mcmc]  - Convergence of means: R-1 = 0.115757 after 96311 accepted steps = sum([23560, 23121, 24501, 25129])
[0 : mcmc]  - Updated covariance matrix of proposal pdf.
[0 : mcmc] Progress @ 2026-09-07 07:35:30 : 152822 steps taken, and 23726 accepted.
[3 : mcmc] Progress @ 2026-09-07 07:35:30 : 168492 steps taken, and 25341 accepted.
[1 : mcmc] Progress @ 2026-09-07 07:35:30 : 155397 steps taken, and 23369 accepted.
[2 : mcmc] Progress @ 2026-09-07 07:35:30 : 165384 steps taken, and 24679 accepted.
[1 : mcmc] Learn + convergence test @ 23560 samples accepted.
[1 : mcmc] Ready to check convergence and learn a new proposal covmat (waiting for the rest...)
[0 : mcmc] Progress @ 2026-09-07 07:36:30 : 155655 steps taken, and 24151 accepted.
[3 : mcmc] Progress @ 2026-09-07 07:36:30 : 171333 steps taken, and 25779 accepted.
[1 : mcmc] Progress @ 2026-09-07 07:36:30 : 157259 steps taken, and 23612 accepted.
[2 : mcmc] Progress @ 2026-09-07 07:36:30 : 167252 steps taken, and 24969 accepted.
[3 : mcmc] Learn + convergence test @ 25840 samples accepted.
[3 : mcmc] Ready to check convergence and learn a new proposal covmat (waiting for the rest...)
[0 : mcmc] Progress @ 2026-09-07 07:37:30 : 156651 steps taken, and 24301 accepted.
[1 : mcmc] Progress @ 2026-09-07 07:37:30 : 158262 steps taken, and 23767 accepted.
[2 : mcmc] Progress @ 2026-09-07 07:37:30 : 168191 steps taken, and 25079 accepted.
[3 : mcmc] Progress @ 2026-09-07 07:37:30 : 172272 steps taken, and 25902 accepted.
[2 : mcmc] Learn + convergence test @ 25080 samples accepted.
[2 : mcmc] Ready to check convergence and learn a new proposal covmat (waiting for the rest...)
[0 : mcmc] Learn + convergence test @ 24320 samples accepted.
[0 : mcmc] Ready to check convergence and learn a new proposal covmat (waiting for the rest...)
[0 : mcmc] All chains are ready to check convergence and learn a new proposal covmat
[0 : mcmc]  - Acceptance rate: 0.141 = avg([0.1431, 0.1372, 0.1417, 0.1407])
[0 : mcmc]  - Convergence of means: R-1 = 0.088485 after 99174 accepted steps = sum([24320, 23802, 25110, 25942])
[0 : mcmc]  - Updated covariance matrix of proposal pdf.
[0 : mcmc] Progress @ 2026-09-07 07:38:30 : 157524 steps taken, and 24395 accepted.
[1 : mcmc] Progress @ 2026-09-07 07:38:30 : 159236 steps taken, and 23911 accepted.
[2 : mcmc] Progress @ 2026-09-07 07:38:30 : 169042 steps taken, and 25198 accepted.
[3 : mcmc] Progress @ 2026-09-07 07:38:30 : 173216 steps taken, and 26034 accepted.
[0 : mcmc] Progress @ 2026-09-07 07:39:30 : 158458 steps taken, and 24533 accepted.
[1 : mcmc] Progress @ 2026-09-07 07:39:30 : 160223 steps taken, and 24036 accepted.
[3 : mcmc] Progress @ 2026-09-07 07:39:30 : 174141 steps taken, and 26150 accepted.
[2 : mcmc] Progress @ 2026-09-07 07:39:30 : 169991 steps taken, and 25322 accepted.
[0 : mcmc] Progress @ 2026-09-07 07:40:30 : 159379 steps taken, and 24688 accepted.
[1 : mcmc] Progress @ 2026-09-07 07:40:30 : 161128 steps taken, and 24160 accepted.
[3 : mcmc] Progress @ 2026-09-07 07:40:30 : 175115 steps taken, and 26250 accepted.
[2 : mcmc] Progress @ 2026-09-07 07:40:30 : 170913 steps taken, and 25457 accepted.
[1 : mcmc] Progress @ 2026-09-07 07:41:30 : 162092 steps taken, and 24285 accepted.
[0 : mcmc] Progress @ 2026-09-07 07:41:30 : 160301 steps taken, and 24824 accepted.
[2 : mcmc] Progress @ 2026-09-07 07:41:30 : 171812 steps taken, and 25579 accepted.
[3 : mcmc] Progress @ 2026-09-07 07:41:30 : 176141 steps taken, and 26393 accepted.
[1 : mcmc] Learn + convergence test @ 24320 samples accepted.
[1 : mcmc] Ready to check convergence and learn a new proposal covmat (waiting for the rest...)
[1 : mcmc] Progress @ 2026-09-07 07:42:30 : 163026 steps taken, and 24420 accepted.
[0 : mcmc] Progress @ 2026-09-07 07:42:30 : 161178 steps taken, and 24969 accepted.
[2 : mcmc] Progress @ 2026-09-07 07:42:30 : 172813 steps taken, and 25686 accepted.
[3 : mcmc] Progress @ 2026-09-07 07:42:30 : 177143 steps taken, and 26506 accepted.
[3 : mcmc] Learn + convergence test @ 26600 samples accepted.
[3 : mcmc] Ready to check convergence and learn a new proposal covmat (waiting for the rest...)
[0 : mcmc] Learn + convergence test @ 25080 samples accepted.
[0 : mcmc] Ready to check convergence and learn a new proposal covmat (waiting for the rest...)
[2 : mcmc] Learn + convergence test @ 25840 samples accepted.
[2 : mcmc] Ready to check convergence and learn a new proposal covmat (waiting for the rest...)
[0 : mcmc] All chains are ready to check convergence and learn a new proposal covmat
[0 : mcmc]  - Acceptance rate: 0.140 = avg([0.1434, 0.1372, 0.1409, 0.1394])
[0 : mcmc]  - Convergence of means: R-1 = 0.083287 after 102143 accepted steps = sum([25120, 24534, 25840, 26649])
[0 : mcmc]  - Updated covariance matrix of proposal pdf.
[1 : mcmc] Progress @ 2026-09-07 07:43:30 : 164365 steps taken, and 24588 accepted.
[3 : mcmc] Progress @ 2026-09-07 07:43:30 : 178508 steps taken, and 26692 accepted.
[2 : mcmc] Progress @ 2026-09-07 07:43:30 : 174263 steps taken, and 25882 accepted.
[0 : mcmc] Progress @ 2026-09-07 07:43:30 : 162483 steps taken, and 25178 accepted.
[1 : mcmc] Progress @ 2026-09-07 07:44:30 : 165770 steps taken, and 24802 accepted.
[3 : mcmc] Progress @ 2026-09-07 07:44:30 : 180005 steps taken, and 26919 accepted.
[0 : mcmc] Progress @ 2026-09-07 07:44:30 : 164019 steps taken, and 25385 accepted.
[2 : mcmc] Progress @ 2026-09-07 07:44:30 : 175729 steps taken, and 26080 accepted.
[1 : mcmc] Progress @ 2026-09-07 07:45:30 : 167172 steps taken, and 25008 accepted.
[3 : mcmc] Progress @ 2026-09-07 07:45:30 : 181402 steps taken, and 27147 accepted.
[0 : mcmc] Progress @ 2026-09-07 07:45:30 : 165467 steps taken, and 25577 accepted.
[2 : mcmc] Progress @ 2026-09-07 07:45:30 : 177166 steps taken, and 26280 accepted.
[1 : mcmc] Learn + convergence test @ 25080 samples accepted.
[1 : mcmc] Ready to check convergence and learn a new proposal covmat (waiting for the rest...)
[1 : mcmc] Progress @ 2026-09-07 07:46:30 : 168611 steps taken, and 25203 accepted.
[3 : mcmc] Progress @ 2026-09-07 07:46:30 : 182822 steps taken, and 27333 accepted.
[0 : mcmc] Progress @ 2026-09-07 07:46:30 : 166850 steps taken, and 25806 accepted.
[2 : mcmc] Progress @ 2026-09-07 07:46:30 : 178732 steps taken, and 26461 accepted.
[3 : mcmc] Learn + convergence test @ 27360 samples accepted.
[3 : mcmc] Ready to check convergence and learn a new proposal covmat (waiting for the rest...)
[0 : mcmc] Learn + convergence test @ 25840 samples accepted.
[0 : mcmc] Ready to check convergence and learn a new proposal covmat (waiting for the rest...)
[2 : mcmc] Learn + convergence test @ 26600 samples accepted.
[2 : mcmc] Ready to check convergence and learn a new proposal covmat (waiting for the rest...)
[0 : mcmc] All chains are ready to check convergence and learn a new proposal covmat
[0 : mcmc]  - Acceptance rate: 0.140 = avg([0.1441, 0.1368, 0.1399, 0.1397])
[0 : mcmc]  - Convergence of means: R-1 = 0.070600 after 105352 accepted steps = sum([25908, 25349, 26600, 27495])
[0 : mcmc]  - Updated covariance matrix of proposal pdf.
[1 : mcmc] Progress @ 2026-09-07 07:47:30 : 171659 steps taken, and 25552 accepted.
[3 : mcmc] Progress @ 2026-09-07 07:47:30 : 185817 steps taken, and 27731 accepted.
[0 : mcmc] Progress @ 2026-09-07 07:47:30 : 168631 steps taken, and 26040 accepted.
[2 : mcmc] Progress @ 2026-09-07 07:47:30 : 180808 steps taken, and 26766 accepted.
[1 : mcmc] Learn + convergence test @ 25840 samples accepted.
[1 : mcmc] Ready to check convergence and learn a new proposal covmat (waiting for the rest...)
[3 : mcmc] Learn + convergence test @ 28120 samples accepted.
[3 : mcmc] Ready to check convergence and learn a new proposal covmat (waiting for the rest...)
[1 : mcmc] Progress @ 2026-09-07 07:48:30 : 175231 steps taken, and 26003 accepted.
[0 : mcmc] Progress @ 2026-09-07 07:48:30 : 170648 steps taken, and 26291 accepted.
[3 : mcmc] Progress @ 2026-09-07 07:48:30 : 189338 steps taken, and 28209 accepted.
[2 : mcmc] Progress @ 2026-09-07 07:48:30 : 182874 steps taken, and 27045 accepted.
[2 : mcmc] Learn + convergence test @ 27360 samples accepted.
[2 : mcmc] Ready to check convergence and learn a new proposal covmat (waiting for the rest...)
[1 : mcmc] Progress @ 2026-09-07 07:49:30 : 178833 steps taken, and 26488 accepted.
[3 : mcmc] Progress @ 2026-09-07 07:49:30 : 192849 steps taken, and 28715 accepted.
[0 : mcmc] Progress @ 2026-09-07 07:49:30 : 172679 steps taken, and 26591 accepted.
[2 : mcmc] Progress @ 2026-09-07 07:49:30 : 184901 steps taken, and 27364 accepted.
[0 : mcmc] Learn + convergence test @ 26600 samples accepted.
[0 : mcmc] Ready to check convergence and learn a new proposal covmat (waiting for the rest...)
[0 : mcmc] All chains are ready to check convergence and learn a new proposal covmat
[0 : mcmc]  - Acceptance rate: 0.140 = avg([0.1437, 0.1362, 0.1405, 0.1395])
[0 : mcmc]  - Convergence of means: R-1 = 0.065427 after 109198 accepted steps = sum([26600, 26499, 27369, 28730])
[0 : mcmc]  - Updated covariance matrix of proposal pdf.
[1 : mcmc] Learn + convergence test @ 26600 samples accepted.
[1 : mcmc] Ready to check convergence and learn a new proposal covmat (waiting for the rest...)
[3 : mcmc] Learn + convergence test @ 28880 samples accepted.
[3 : mcmc] Ready to check convergence and learn a new proposal covmat (waiting for the rest...)
[1 : mcmc] Progress @ 2026-09-07 07:50:30 : 181816 steps taken, and 26884 accepted.
[3 : mcmc] Progress @ 2026-09-07 07:50:30 : 196344 steps taken, and 29217 accepted.
[0 : mcmc] Progress @ 2026-09-07 07:50:30 : 174691 steps taken, and 26901 accepted.
[2 : mcmc] Progress @ 2026-09-07 07:50:30 : 187539 steps taken, and 27760 accepted.
[2 : mcmc] Learn + convergence test @ 28120 samples accepted.
[2 : mcmc] Ready to check convergence and learn a new proposal covmat (waiting for the rest...)
[3 : mcmc] Learn + convergence test @ 29640 samples accepted.
[1 : mcmc] Progress @ 2026-09-07 07:51:30 : 183855 steps taken, and 27178 accepted.
[3 : mcmc] Progress @ 2026-09-07 07:51:30 : 199824 steps taken, and 29702 accepted.
[0 : mcmc] Progress @ 2026-09-07 07:51:30 : 176747 steps taken, and 27182 accepted.
[2 : mcmc] Progress @ 2026-09-07 07:51:30 : 191089 steps taken, and 28288 accepted.
[0 : mcmc] Learn + convergence test @ 27360 samples accepted.
[0 : mcmc] Ready to check convergence and learn a new proposal covmat (waiting for the rest...)
[0 : mcmc] All chains are ready to check convergence and learn a new proposal covmat
[0 : mcmc]  - Acceptance rate: 0.140 = avg([0.1442, 0.1368, 0.1410, 0.1395])
[0 : mcmc]  - Convergence of means: R-1 = 0.062508 after 113285 accepted steps = sum([27360, 27353, 28560, 30012])
[0 : mcmc]  - Updated covariance matrix of proposal pdf.
[1 : mcmc] Learn + convergence test @ 27360 samples accepted.
[1 : mcmc] Ready to check convergence and learn a new proposal covmat (waiting for the rest...)
[1 : mcmc] Progress @ 2026-09-07 07:52:30 : 185882 steps taken, and 27474 accepted.
[3 : mcmc] Progress @ 2026-09-07 07:52:30 : 203340 steps taken, and 30183 accepted.
[0 : mcmc] Progress @ 2026-09-07 07:52:30 : 178758 steps taken, and 27466 accepted.
[2 : mcmc] Progress @ 2026-09-07 07:52:30 : 194711 steps taken, and 28771 accepted.
[2 : mcmc] Learn + convergence test @ 28880 samples accepted.
[2 : mcmc] Ready to check convergence and learn a new proposal covmat (waiting for the rest...)
[3 : mcmc] Learn + convergence test @ 30400 samples accepted.
[3 : mcmc] Ready to check convergence and learn a new proposal covmat (waiting for the rest...)
[3 : mcmc] Progress @ 2026-09-07 07:53:30 : 206835 steps taken, and 30695 accepted.
[1 : mcmc] Progress @ 2026-09-07 07:53:30 : 187921 steps taken, and 27768 accepted.
[0 : mcmc] Progress @ 2026-09-07 07:53:30 : 180801 steps taken, and 27768 accepted.
[2 : mcmc] Progress @ 2026-09-07 07:53:30 : 198323 steps taken, and 29251 accepted.
[2 : mcmc] Learn + convergence test @ 29640 samples accepted.
[3 : mcmc] Progress @ 2026-09-07 07:54:30 : 210346 steps taken, and 31159 accepted.
[1 : mcmc] Progress @ 2026-09-07 07:54:30 : 189956 steps taken, and 28108 accepted.
[3 : mcmc] Learn + convergence test @ 31160 samples accepted.
[0 : mcmc] Progress @ 2026-09-07 07:54:30 : 182827 steps taken, and 28043 accepted.
[2 : mcmc] Progress @ 2026-09-07 07:54:30 : 201918 steps taken, and 29794 accepted.
[1 : mcmc] Learn + convergence test @ 28120 samples accepted.
[0 : mcmc] Learn + convergence test @ 28120 samples accepted.
[0 : mcmc] Ready to check convergence and learn a new proposal covmat (waiting for the rest...)
[0 : mcmc] All chains are ready to check convergence and learn a new proposal covmat
[0 : mcmc]  - Acceptance rate: 0.140 = avg([0.1438, 0.1376, 0.1413, 0.1390])
[0 : mcmc]  - Convergence of means: R-1 = 0.064224 after 117596 accepted steps = sum([28120, 28201, 29972, 31303])
[0 : mcmc]  - Updated covariance matrix of proposal pdf.
[3 : mcmc] Progress @ 2026-09-07 07:55:30 : 213959 steps taken, and 31674 accepted.
[1 : mcmc] Progress @ 2026-09-07 07:55:30 : 191991 steps taken, and 28387 accepted.
[0 : mcmc] Progress @ 2026-09-07 07:55:30 : 184830 steps taken, and 28309 accepted.
[2 : mcmc] Progress @ 2026-09-07 07:55:30 : 205516 steps taken, and 30312 accepted.
[2 : mcmc] Learn + convergence test @ 30400 samples accepted.
[2 : mcmc] Ready to check convergence and learn a new proposal covmat (waiting for the rest...)
[3 : mcmc] Learn + convergence test @ 31920 samples accepted.
[3 : mcmc] Ready to check convergence and learn a new proposal covmat (waiting for the rest...)
[3 : mcmc] Progress @ 2026-09-07 07:56:30 : 217518 steps taken, and 32199 accepted.
[1 : mcmc] Progress @ 2026-09-07 07:56:30 : 194020 steps taken, and 28697 accepted.
[0 : mcmc] Progress @ 2026-09-07 07:56:30 : 186849 steps taken, and 28569 accepted.
[2 : mcmc] Progress @ 2026-09-07 07:56:30 : 209106 steps taken, and 30817 accepted.
[1 : mcmc] Learn + convergence test @ 28880 samples accepted.
[1 : mcmc] Ready to check convergence and learn a new proposal covmat (waiting for the rest...)
[2 : mcmc] Learn + convergence test @ 31160 samples accepted.
[0 : mcmc] Learn + convergence test @ 28880 samples accepted.
[0 : mcmc] Ready to check convergence and learn a new proposal covmat (waiting for the rest...)
[0 : mcmc] All chains are ready to check convergence and learn a new proposal covmat
[0 : mcmc]  - Acceptance rate: 0.141 = avg([0.1437, 0.1384, 0.1412, 0.1395])
[0 : mcmc]  - Convergence of means: R-1 = 0.061272 after 121763 accepted steps = sum([28880, 28990, 31275, 32618])
[0 : mcmc]  - Updated covariance matrix of proposal pdf.
[3 : mcmc] Progress @ 2026-09-07 07:57:30 : 221020 steps taken, and 32637 accepted.
[1 : mcmc] Progress @ 2026-09-07 07:57:30 : 196038 steps taken, and 28998 accepted.
[0 : mcmc] Progress @ 2026-09-07 07:57:30 : 188859 steps taken, and 28896 accepted.
[2 : mcmc] Progress @ 2026-09-07 07:57:30 : 212660 steps taken, and 31293 accepted.
[3 : mcmc] Learn + convergence test @ 32680 samples accepted.
[3 : mcmc] Ready to check convergence and learn a new proposal covmat (waiting for the rest...)
[3 : mcmc] Progress @ 2026-09-07 07:58:30 : 224552 steps taken, and 33133 accepted.
[1 : mcmc] Progress @ 2026-09-07 07:58:30 : 198075 steps taken, and 29262 accepted.
[0 : mcmc] Progress @ 2026-09-07 07:58:30 : 190874 steps taken, and 29192 accepted.
[2 : mcmc] Progress @ 2026-09-07 07:58:30 : 216272 steps taken, and 31772 accepted.
[2 : mcmc] Learn + convergence test @ 31920 samples accepted.
[2 : mcmc] Ready to check convergence and learn a new proposal covmat (waiting for the rest...)
[3 : mcmc] Learn + convergence test @ 33440 samples accepted.
[3 : mcmc] Progress @ 2026-09-07 07:59:30 : 228085 steps taken, and 33573 accepted.
[1 : mcmc] Progress @ 2026-09-07 07:59:30 : 200106 steps taken, and 29522 accepted.
[0 : mcmc] Progress @ 2026-09-07 07:59:30 : 192890 steps taken, and 29519 accepted.
[2 : mcmc] Progress @ 2026-09-07 07:59:30 : 219877 steps taken, and 32281 accepted.
[1 : mcmc] Learn + convergence test @ 29640 samples accepted.
[1 : mcmc] Ready to check convergence and learn a new proposal covmat (waiting for the rest...)
[0 : mcmc] Learn + convergence test @ 29640 samples accepted.
[0 : mcmc] Ready to check convergence and learn a new proposal covmat (waiting for the rest...)
[0 : mcmc] All chains are ready to check convergence and learn a new proposal covmat
[0 : mcmc]  - Acceptance rate: 0.141 = avg([0.1441, 0.1389, 0.1408, 0.1393])
[0 : mcmc]  - Convergence of means: R-1 = 0.069971 after 125637 accepted steps = sum([29640, 29675, 32529, 33793])
[0 : mcmc]  - Updated covariance matrix of proposal pdf.
[2 : mcmc] Learn + convergence test @ 32680 samples accepted.
[2 : mcmc] Ready to check convergence and learn a new proposal covmat (waiting for the rest...)
[3 : mcmc] Progress @ 2026-09-07 08:00:30 : 231574 steps taken, and 34072 accepted.
[1 : mcmc] Progress @ 2026-09-07 08:00:30 : 202162 steps taken, and 29853 accepted.
[2 : mcmc] Progress @ 2026-09-07 08:00:30 : 223442 steps taken, and 32867 accepted.
[0 : mcmc] Progress @ 2026-09-07 08:00:30 : 194909 steps taken, and 29803 accepted.
[3 : mcmc] Learn + convergence test @ 34200 samples accepted.
[3 : mcmc] Ready to check convergence and learn a new proposal covmat (waiting for the rest...)
[3 : mcmc] Progress @ 2026-09-07 08:01:30 : 235139 steps taken, and 34551 accepted.
[1 : mcmc] Progress @ 2026-09-07 08:01:30 : 204203 steps taken, and 30135 accepted.
[2 : mcmc] Progress @ 2026-09-07 08:01:30 : 227049 steps taken, and 33400 accepted.
[0 : mcmc] Progress @ 2026-09-07 08:01:30 : 196948 steps taken, and 30094 accepted.
[2 : mcmc] Learn + convergence test @ 33440 samples accepted.
[3 : mcmc] Learn + convergence test @ 34960 samples accepted.
[1 : mcmc] Learn + convergence test @ 30400 samples accepted.
[1 : mcmc] Ready to check convergence and learn a new proposal covmat (waiting for the rest...)
[3 : mcmc] Progress @ 2026-09-07 08:02:30 : 238497 steps taken, and 34991 accepted.
[1 : mcmc] Progress @ 2026-09-07 08:02:30 : 206229 steps taken, and 30444 accepted.
[2 : mcmc] Progress @ 2026-09-07 08:02:30 : 230673 steps taken, and 33897 accepted.
[0 : mcmc] Progress @ 2026-09-07 08:02:30 : 198972 steps taken, and 30372 accepted.
[0 : mcmc] Learn + convergence test @ 30400 samples accepted.
[0 : mcmc] Ready to check convergence and learn a new proposal covmat (waiting for the rest...)
[0 : mcmc] All chains are ready to check convergence and learn a new proposal covmat
[0 : mcmc]  - Acceptance rate: 0.141 = avg([0.1439, 0.1393, 0.1414, 0.1386])
[0 : mcmc]  - Convergence of means: R-1 = 0.065185 after 129876 accepted steps = sum([30400, 30492, 33952, 35032])
[0 : mcmc]  - Updated covariance matrix of proposal pdf.
[2 : mcmc] Learn + convergence test @ 34200 samples accepted.
[2 : mcmc] Ready to check convergence and learn a new proposal covmat (waiting for the rest...)
[3 : mcmc] Progress @ 2026-09-07 08:03:30 : 240758 steps taken, and 35334 accepted.
[1 : mcmc] Progress @ 2026-09-07 08:03:30 : 208260 steps taken, and 30739 accepted.
[2 : mcmc] Progress @ 2026-09-07 08:03:30 : 234298 steps taken, and 34349 accepted.
[0 : mcmc] Progress @ 2026-09-07 08:03:30 : 200978 steps taken, and 30652 accepted.
[3 : mcmc] Progress @ 2026-09-07 08:04:30 : 243031 steps taken, and 35621 accepted.
[1 : mcmc] Progress @ 2026-09-07 08:04:30 : 210291 steps taken, and 31035 accepted.
[2 : mcmc] Progress @ 2026-09-07 08:04:30 : 237916 steps taken, and 34892 accepted.
[0 : mcmc] Progress @ 2026-09-07 08:04:31 : 203033 steps taken, and 30954 accepted.
[2 : mcmc] Learn + convergence test @ 34960 samples accepted.
[3 : mcmc] Learn + convergence test @ 35720 samples accepted.
[3 : mcmc] Ready to check convergence and learn a new proposal covmat (waiting for the rest...)
[1 : mcmc] Learn + convergence test @ 31160 samples accepted.
[1 : mcmc] Ready to check convergence and learn a new proposal covmat (waiting for the rest...)
[0 : mcmc] Learn + convergence test @ 31160 samples accepted.
[0 : mcmc] Ready to check convergence and learn a new proposal covmat (waiting for the rest...)
[0 : mcmc] All chains are ready to check convergence and learn a new proposal covmat
[0 : mcmc]  - Acceptance rate: 0.141 = avg([0.1440, 0.1394, 0.1415, 0.1384])
[0 : mcmc]  - Convergence of means: R-1 = 0.062769 after 133598 accepted steps = sum([31160, 31263, 35294, 35881])
[0 : mcmc]  - Updated covariance matrix of proposal pdf.
[3 : mcmc] Progress @ 2026-09-07 08:05:30 : 245295 steps taken, and 35945 accepted.
[1 : mcmc] Progress @ 2026-09-07 08:05:30 : 212312 steps taken, and 31329 accepted.
[2 : mcmc] Progress @ 2026-09-07 08:05:30 : 241484 steps taken, and 35410 accepted.
[0 : mcmc] Progress @ 2026-09-07 08:05:31 : 205043 steps taken, and 31229 accepted.
[2 : mcmc] Learn + convergence test @ 35720 samples accepted.
[2 : mcmc] Ready to check convergence and learn a new proposal covmat (waiting for the rest...)
[3 : mcmc] Progress @ 2026-09-07 08:06:30 : 247587 steps taken, and 36293 accepted.
[1 : mcmc] Progress @ 2026-09-07 08:06:30 : 214347 steps taken, and 31623 accepted.
[2 : mcmc] Progress @ 2026-09-07 08:06:30 : 245065 steps taken, and 35885 accepted.
[0 : mcmc] Progress @ 2026-09-07 08:06:31 : 207071 steps taken, and 31529 accepted.
[3 : mcmc] Learn + convergence test @ 36480 samples accepted.
[3 : mcmc] Ready to check convergence and learn a new proposal covmat (waiting for the rest...)
[3 : mcmc] Progress @ 2026-09-07 08:07:30 : 250196 steps taken, and 36663 accepted.
[2 : mcmc] Progress @ 2026-09-07 08:07:30 : 248634 steps taken, and 36409 accepted.
[1 : mcmc] Progress @ 2026-09-07 08:07:30 : 216377 steps taken, and 31917 accepted.
[0 : mcmc] Progress @ 2026-09-07 08:07:31 : 209086 steps taken, and 31814 accepted.
[1 : mcmc] Learn + convergence test @ 31920 samples accepted.
[1 : mcmc] Ready to check convergence and learn a new proposal covmat (waiting for the rest...)
[2 : mcmc] Learn + convergence test @ 36480 samples accepted.
[0 : mcmc] Learn + convergence test @ 31920 samples accepted.
[0 : mcmc] Ready to check convergence and learn a new proposal covmat (waiting for the rest...)
[0 : mcmc] All chains are ready to check convergence and learn a new proposal covmat
[0 : mcmc]  - Acceptance rate: 0.141 = avg([0.1439, 0.1394, 0.1418, 0.1390])
[0 : mcmc]  - Convergence of means: R-1 = 0.059111 after 137377 accepted steps = sum([31920, 32019, 36583, 36855])
[0 : mcmc]  - Updated covariance matrix of proposal pdf.
[3 : mcmc] Progress @ 2026-09-07 08:08:30 : 253695 steps taken, and 37194 accepted.
[2 : mcmc] Progress @ 2026-09-07 08:08:30 : 252239 steps taken, and 36878 accepted.
[1 : mcmc] Progress @ 2026-09-07 08:08:31 : 218423 steps taken, and 32214 accepted.
[0 : mcmc] Progress @ 2026-09-07 08:08:31 : 211111 steps taken, and 32096 accepted.
[3 : mcmc] Learn + convergence test @ 37240 samples accepted.
[3 : mcmc] Ready to check convergence and learn a new proposal covmat (waiting for the rest...)
[2 : mcmc] Learn + convergence test @ 37240 samples accepted.
[2 : mcmc] Ready to check convergence and learn a new proposal covmat (waiting for the rest...)
[3 : mcmc] Progress @ 2026-09-07 08:09:30 : 257204 steps taken, and 37727 accepted.
[2 : mcmc] Progress @ 2026-09-07 08:09:31 : 255831 steps taken, and 37388 accepted.
[1 : mcmc] Progress @ 2026-09-07 08:09:31 : 220462 steps taken, and 32461 accepted.
[0 : mcmc] Progress @ 2026-09-07 08:09:31 : 213137 steps taken, and 32385 accepted.
[3 : mcmc] Learn + convergence test @ 38000 samples accepted.
[1 : mcmc] Learn + convergence test @ 32680 samples accepted.
[1 : mcmc] Ready to check convergence and learn a new proposal covmat (waiting for the rest...)
[3 : mcmc] Progress @ 2026-09-07 08:10:30 : 260731 steps taken, and 38226 accepted.
[2 : mcmc] Progress @ 2026-09-07 08:10:31 : 259518 steps taken, and 37878 accepted.
[1 : mcmc] Progress @ 2026-09-07 08:10:31 : 222506 steps taken, and 32738 accepted.
[0 : mcmc] Progress @ 2026-09-07 08:10:31 : 215185 steps taken, and 32672 accepted.
[0 : mcmc] Learn + convergence test @ 32680 samples accepted.
[0 : mcmc] Ready to check convergence and learn a new proposal covmat (waiting for the rest...)
[0 : mcmc] All chains are ready to check convergence and learn a new proposal covmat
[0 : mcmc]  - Acceptance rate: 0.141 = avg([0.1435, 0.1387, 0.1411, 0.1398])
[0 : mcmc]  - Convergence of means: R-1 = 0.063757 after 141564 accepted steps = sum([32680, 32746, 37894, 38244])
[0 : mcmc]  - Updated covariance matrix of proposal pdf.
[2 : mcmc] Learn + convergence test @ 38000 samples accepted.
[2 : mcmc] Ready to check convergence and learn a new proposal covmat (waiting for the rest...)
[3 : mcmc] Progress @ 2026-09-07 08:11:30 : 264243 steps taken, and 38676 accepted.
[2 : mcmc] Progress @ 2026-09-07 08:11:31 : 263088 steps taken, and 38372 accepted.
[1 : mcmc] Progress @ 2026-09-07 08:11:31 : 224526 steps taken, and 33029 accepted.
[0 : mcmc] Progress @ 2026-09-07 08:11:31 : 217191 steps taken, and 32971 accepted.
[3 : mcmc] Learn + convergence test @ 38760 samples accepted.
[3 : mcmc] Ready to check convergence and learn a new proposal covmat (waiting for the rest...)
[1 : mcmc] Learn + convergence test @ 33440 samples accepted.
[1 : mcmc] Ready to check convergence and learn a new proposal covmat (waiting for the rest...)
[3 : mcmc] Progress @ 2026-09-07 08:12:30 : 267710 steps taken, and 39197 accepted.
[2 : mcmc] Progress @ 2026-09-07 08:12:31 : 265391 steps taken, and 38683 accepted.
[1 : mcmc] Progress @ 2026-09-07 08:12:31 : 227818 steps taken, and 33499 accepted.
[0 : mcmc] Progress @ 2026-09-07 08:12:31 : 219202 steps taken, and 33267 accepted.
[2 : mcmc] Learn + convergence test @ 38760 samples accepted.
[0 : mcmc] Learn + convergence test @ 33440 samples accepted.
[0 : mcmc] Ready to check convergence and learn a new proposal covmat (waiting for the rest...)
[0 : mcmc] All chains are ready to check convergence and learn a new proposal covmat
[0 : mcmc]  - Acceptance rate: 0.140 = avg([0.1437, 0.1383, 0.1409, 0.1389])
[0 : mcmc]  - Convergence of means: R-1 = 0.069488 after 145581 accepted steps = sum([33440, 33798, 38886, 39457])
[0 : mcmc]  - Updated covariance matrix of proposal pdf.
[3 : mcmc] Learn + convergence test @ 39520 samples accepted.
[3 : mcmc] Ready to check convergence and learn a new proposal covmat (waiting for the rest...)
[3 : mcmc] Progress @ 2026-09-07 08:13:30 : 271287 steps taken, and 39644 accepted.
[2 : mcmc] Progress @ 2026-09-07 08:13:31 : 267399 steps taken, and 38997 accepted.
[1 : mcmc] Progress @ 2026-09-07 08:13:31 : 231385 steps taken, and 33993 accepted.
[0 : mcmc] Progress @ 2026-09-07 08:13:31 : 221209 steps taken, and 33530 accepted.
[1 : mcmc] Learn + convergence test @ 34200 samples accepted.
[1 : mcmc] Ready to check convergence and learn a new proposal covmat (waiting for the rest...)
[3 : mcmc] Progress @ 2026-09-07 08:14:30 : 274797 steps taken, and 40144 accepted.
[1 : mcmc] Progress @ 2026-09-07 08:14:31 : 234998 steps taken, and 34518 accepted.
[2 : mcmc] Progress @ 2026-09-07 08:14:31 : 269410 steps taken, and 39283 accepted.
[0 : mcmc] Progress @ 2026-09-07 08:14:31 : 223221 steps taken, and 33805 accepted.
[3 : mcmc] Learn + convergence test @ 40280 samples accepted.
[1 : mcmc] Learn + convergence test @ 34960 samples accepted.
[3 : mcmc] Progress @ 2026-09-07 08:15:31 : 278302 steps taken, and 40650 accepted.
[1 : mcmc] Progress @ 2026-09-07 08:15:31 : 238584 steps taken, and 34980 accepted.
[2 : mcmc] Progress @ 2026-09-07 08:15:31 : 271504 steps taken, and 39508 accepted.
[0 : mcmc] Progress @ 2026-09-07 08:15:31 : 225245 steps taken, and 34093 accepted.
[2 : mcmc] Learn + convergence test @ 39520 samples accepted.
[2 : mcmc] Ready to check convergence and learn a new proposal covmat (waiting for the rest...)
[0 : mcmc] Learn + convergence test @ 34200 samples accepted.
[0 : mcmc] Ready to check convergence and learn a new proposal covmat (waiting for the rest...)
[0 : mcmc] All chains are ready to check convergence and learn a new proposal covmat
[0 : mcmc]  - Acceptance rate: 0.140 = avg([0.1435, 0.1381, 0.1406, 0.1400])
[0 : mcmc]  - Convergence of means: R-1 = 0.061478 after 149775 accepted steps = sum([34200, 35176, 39578, 40821])
[0 : mcmc]  - Updated covariance matrix of proposal pdf.
[3 : mcmc] Learn + convergence test @ 41040 samples accepted.
[3 : mcmc] Ready to check convergence and learn a new proposal covmat (waiting for the rest...)
[3 : mcmc] Progress @ 2026-09-07 08:16:31 : 281810 steps taken, and 41165 accepted.
[1 : mcmc] Progress @ 2026-09-07 08:16:31 : 242132 steps taken, and 35474 accepted.
[2 : mcmc] Progress @ 2026-09-07 08:16:31 : 273530 steps taken, and 39745 accepted.
[0 : mcmc] Progress @ 2026-09-07 08:16:31 : 227243 steps taken, and 34374 accepted.
[1 : mcmc] Learn + convergence test @ 35720 samples accepted.
[1 : mcmc] Ready to check convergence and learn a new proposal covmat (waiting for the rest...)
[3 : mcmc] Progress @ 2026-09-07 08:17:31 : 285294 steps taken, and 41739 accepted.
[1 : mcmc] Progress @ 2026-09-07 08:17:31 : 245165 steps taken, and 35859 accepted.
[2 : mcmc] Progress @ 2026-09-07 08:17:31 : 275563 steps taken, and 40057 accepted.
[0 : mcmc] Progress @ 2026-09-07 08:17:31 : 229249 steps taken, and 34668 accepted.
[3 : mcmc] Learn + convergence test @ 41800 samples accepted.
[0 : mcmc] Learn + convergence test @ 34960 samples accepted.
[0 : mcmc] Ready to check convergence and learn a new proposal covmat (waiting for the rest...)
[2 : mcmc] Learn + convergence test @ 40280 samples accepted.
[2 : mcmc] Ready to check convergence and learn a new proposal covmat (waiting for the rest...)
[0 : mcmc] All chains are ready to check convergence and learn a new proposal covmat
[0 : mcmc]  - Acceptance rate: 0.141 = avg([0.1440, 0.1377, 0.1404, 0.1408])
[0 : mcmc]  - Convergence of means: R-1 = 0.059232 after 153510 accepted steps = sum([34982, 36123, 40280, 42125])
[0 : mcmc]  - Updated covariance matrix of proposal pdf.
[3 : mcmc] Progress @ 2026-09-07 08:18:31 : 288811 steps taken, and 42246 accepted.
[1 : mcmc] Progress @ 2026-09-07 08:18:31 : 247942 steps taken, and 36244 accepted.
[2 : mcmc] Progress @ 2026-09-07 08:18:31 : 278123 steps taken, and 40396 accepted.
[0 : mcmc] Progress @ 2026-09-07 08:18:31 : 231827 steps taken, and 35067 accepted.
[1 : mcmc] Learn + convergence test @ 36480 samples accepted.
[1 : mcmc] Ready to check convergence and learn a new proposal covmat (waiting for the rest...)
[3 : mcmc] Learn + convergence test @ 42560 samples accepted.
[3 : mcmc] Ready to check convergence and learn a new proposal covmat (waiting for the rest...)
[3 : mcmc] Progress @ 2026-09-07 08:19:31 : 292393 steps taken, and 42745 accepted.
[1 : mcmc] Progress @ 2026-09-07 08:19:31 : 251635 steps taken, and 36770 accepted.
[2 : mcmc] Progress @ 2026-09-07 08:19:31 : 281744 steps taken, and 40891 accepted.
[0 : mcmc] Progress @ 2026-09-07 08:19:31 : 235424 steps taken, and 35616 accepted.
[0 : mcmc] Learn + convergence test @ 35720 samples accepted.
[0 : mcmc] Ready to check convergence and learn a new proposal covmat (waiting for the rest...)
[2 : mcmc] Learn + convergence test @ 41040 samples accepted.
[2 : mcmc] Ready to check convergence and learn a new proposal covmat (waiting for the rest...)
[0 : mcmc] All chains are ready to check convergence and learn a new proposal covmat
[0 : mcmc]  - Acceptance rate: 0.141 = avg([0.1442, 0.1381, 0.1402, 0.1408])
[0 : mcmc]  - Convergence of means: R-1 = 0.054246 after 156682 accepted steps = sum([35797, 36917, 41040, 42928])
[0 : mcmc]  - Updated covariance matrix of proposal pdf.
[3 : mcmc] Progress @ 2026-09-07 08:20:31 : 295997 steps taken, and 43265 accepted.
[1 : mcmc] Progress @ 2026-09-07 08:20:31 : 255481 steps taken, and 37228 accepted.
[2 : mcmc] Progress @ 2026-09-07 08:20:31 : 285463 steps taken, and 41387 accepted.
[0 : mcmc] Progress @ 2026-09-07 08:20:31 : 239023 steps taken, and 36127 accepted.
[1 : mcmc] Learn + convergence test @ 37240 samples accepted.
[1 : mcmc] Ready to check convergence and learn a new proposal covmat (waiting for the rest...)
[3 : mcmc] Learn + convergence test @ 43320 samples accepted.
[3 : mcmc] Ready to check convergence and learn a new proposal covmat (waiting for the rest...)
[2 : mcmc] Learn + convergence test @ 41800 samples accepted.
[2 : mcmc] Ready to check convergence and learn a new proposal covmat (waiting for the rest...)
[0 : mcmc] Learn + convergence test @ 36480 samples accepted.
[0 : mcmc] Ready to check convergence and learn a new proposal covmat (waiting for the rest...)
[0 : mcmc] All chains are ready to check convergence and learn a new proposal covmat
[0 : mcmc]  - Acceptance rate: 0.141 = avg([0.1438, 0.1379, 0.1402, 0.1406])
[0 : mcmc]  - Convergence of means: R-1 = 0.045807 after 159513 accepted steps = sum([36480, 37606, 41804, 43623])
[0 : mcmc]  - Updated covariance matrix of proposal pdf.
[3 : mcmc] Progress @ 2026-09-07 08:21:31 : 299657 steps taken, and 43743 accepted.
[1 : mcmc] Progress @ 2026-09-07 08:21:31 : 259213 steps taken, and 37710 accepted.
[2 : mcmc] Progress @ 2026-09-07 08:21:31 : 289095 steps taken, and 41905 accepted.
[0 : mcmc] Progress @ 2026-09-07 08:21:31 : 242671 steps taken, and 36590 accepted.
[1 : mcmc] Learn + convergence test @ 38000 samples accepted.
[1 : mcmc] Ready to check convergence and learn a new proposal covmat (waiting for the rest...)
[3 : mcmc] Learn + convergence test @ 44080 samples accepted.
[3 : mcmc] Ready to check convergence and learn a new proposal covmat (waiting for the rest...)
[3 : mcmc] Progress @ 2026-09-07 08:22:31 : 303235 steps taken, and 44228 accepted.
[1 : mcmc] Progress @ 2026-09-07 08:22:31 : 262900 steps taken, and 38238 accepted.
[2 : mcmc] Progress @ 2026-09-07 08:22:31 : 292687 steps taken, and 42425 accepted.
[0 : mcmc] Progress @ 2026-09-07 08:22:31 : 246287 steps taken, and 37064 accepted.
[2 : mcmc] Learn + convergence test @ 42560 samples accepted.
[2 : mcmc] Ready to check convergence and learn a new proposal covmat (waiting for the rest...)
[0 : mcmc] Learn + convergence test @ 37240 samples accepted.
[0 : mcmc] Ready to check convergence and learn a new proposal covmat (waiting for the rest...)
[0 : mcmc] All chains are ready to check convergence and learn a new proposal covmat
[0 : mcmc]  - Acceptance rate: 0.140 = avg([0.1431, 0.1380, 0.1402, 0.1403])
[0 : mcmc]  - Convergence of means: R-1 = 0.041228 after 162681 accepted steps = sum([37240, 38424, 42612, 44405])
[0 : mcmc]  - Convergence of bounds: R-1 = 0.117560 after 162681 accepted steps = sum([37240, 38424, 42612, 44405])
[0 : mcmc] The run has converged!
[0 : mcmc] Sampling complete after 162681 accepted steps.

TERMINADO en 1.84 h

TERMINADO en 1.84 h

TERMINADO en 1.84 h

TERMINADO en 1.84 h
