{
 "fuente": "Zenodo 10.5281/zenodo.16644577, cosmology_chains/cobaya/base_w_wa",
 "burn_in": 0.3,
 "pesos": "columna weight",
 "combos": {
  "DESI+CMB (DR2 ec.25)": {
   "w0_bf": -0.417763283471897,
   "sigma_w0": 0.20505961199394382,
   "wa_bf": -1.7514896785948089,
   "sigma_wa": 0.5796020648514303,
   "rho": -0.9776731023807405,
   "n_filas": 60039
  },
  "DESI+CMB+Pantheon+ (DR2 ec.26)": {
   "w0_bf": -0.8379669735933118,
   "sigma_w0": 0.05516687715036528,
   "wa_bf": -0.6165883622459396,
   "sigma_wa": 0.20755677965382843,
   "rho": -0.8939927973488623,
   "n_filas": 70644
  },
  "DESI+CMB+Union3 (DR2 ec.27)": {
   "w0_bf": -0.6668729291848665,
   "sigma_w0": 0.08848340882567489,
   "wa_bf": -1.0852710298213986,
   "sigma_wa": 0.2932977885337551,
   "rho": -0.9331055454809177,
   "n_filas": 76109
  },
  "DESI+CMB+DESY5 (DR2 ec.28)": {
   "w0_bf": -0.7520679982018754,
   "sigma_w0": 0.057206253775028505,
   "wa_bf": -0.8611043418200024,
   "sigma_wa": 0.22127931535586,
   "rho": -0.9052096966408578,
   "n_filas": 42819
  }
 },
 "tal_como_se_usa": {
  "DESI+CMB (DR2 ec.25)": {
   "w0_bf": "-0.4178",
   "sigma_w0": "0.2051",
   "wa_bf": "-1.7515",
   "sigma_wa": "0.5796",
   "rho": "-0.978"
  },
  "DESI+CMB+Pantheon+ (DR2 ec.26)": {
   "w0_bf": "-0.8380",
   "sigma_w0": "0.0552",
   "wa_bf": "-0.6166",
   "sigma_wa": "0.2076",
   "rho": "-0.894"
  },
  "DESI+CMB+Union3 (DR2 ec.27)": {
   "w0_bf": "-0.6669",
   "sigma_w0": "0.0885",
   "wa_bf": "-1.0853",
   "sigma_wa": "0.2933",
   "rho": "-0.933"
  },
  "DESI+CMB+DESY5 (DR2 ec.28)": {
   "w0_bf": "-0.7521",
   "sigma_w0": "0.0572",
   "wa_bf": "-0.8611",
   "sigma_wa": "0.2213",
   "rho": "-0.905"
  }
 }
}