[   0.0m] ======================================================================
[   0.0m] SSEE — MCMC PRODUCCIÓN bajo prior H_alg (67.962, reframe ω_m-directo)
[   0.0m] ======================================================================
[   0.0m]   Ω_m,total (geometría) = 0.30888088  |  Ω_cdm,sector = 0.16005023
[   0.0m]   Ω_m,CMB (ω_m/h², reframe) = 0.308881  (sin factor; OP-8 cerrado)
[   0.0m]   w0 = -0.8399497713,  wa = -0.6699748857
[   0.0m]   H0_alg = 67.962137
[   0.0m] 
Burn-in 5000 steps...
[   5.3m] Burn-in OK. Producción...
[   5.8m]   500/25000 steps  accept=0.717
[   6.4m]   1000/25000 steps  accept=0.717
[   6.9m]   1500/25000 steps  accept=0.717
[   7.4m]   2000/25000 steps  accept=0.717
[   8.0m]   2500/25000 steps  accept=0.717
[   8.5m]   3000/25000 steps  accept=0.715
[   9.0m]   3500/25000 steps  accept=0.715
[   9.6m]   4000/25000 steps  accept=0.716
[  10.1m]   4500/25000 steps  accept=0.716
[  10.6m]   5000/25000 steps  accept=0.715
[  11.2m]   5500/25000 steps  accept=0.715
[  11.7m]   6000/25000 steps  accept=0.715
[  12.3m]   6500/25000 steps  accept=0.715
[  12.8m]   7000/25000 steps  accept=0.715
[  13.3m]   7500/25000 steps  accept=0.715
[  13.9m]   8000/25000 steps  accept=0.715
[  14.4m]   8500/25000 steps  accept=0.715
[  15.0m]   9000/25000 steps  accept=0.715
[  15.6m]   9500/25000 steps  accept=0.715
[  16.1m]   10000/25000 steps  accept=0.715
[  16.7m]   10500/25000 steps  accept=0.715
[  17.2m]   11000/25000 steps  accept=0.715
[  17.8m]   11500/25000 steps  accept=0.715
[  18.4m]   12000/25000 steps  accept=0.715
[  18.9m]   12500/25000 steps  accept=0.715
[  19.5m]   13000/25000 steps  accept=0.715
[  20.1m]   13500/25000 steps  accept=0.715
[  20.6m]   14000/25000 steps  accept=0.715
[  21.2m]   14500/25000 steps  accept=0.715
[  21.8m]   15000/25000 steps  accept=0.715
[  22.4m]   15500/25000 steps  accept=0.715
[  23.0m]   16000/25000 steps  accept=0.715
[  23.6m]   16500/25000 steps  accept=0.715
[  24.2m]   17000/25000 steps  accept=0.715
[  24.8m]   17500/25000 steps  accept=0.715
[  25.4m]   18000/25000 steps  accept=0.715
[  26.0m]   18500/25000 steps  accept=0.715
[  26.7m]   19000/25000 steps  accept=0.715
[  27.3m]   19500/25000 steps  accept=0.715
[  27.9m]   20000/25000 steps  accept=0.715
[  28.6m]   20500/25000 steps  accept=0.715
[  29.2m]   21000/25000 steps  accept=0.715
[  29.9m]   21500/25000 steps  accept=0.715
[  30.6m]   22000/25000 steps  accept=0.715
[  31.3m]   22500/25000 steps  accept=0.715
[  32.0m]   23000/25000 steps  accept=0.715
[  32.7m]   23500/25000 steps  accept=0.715
[  33.3m]   24000/25000 steps  accept=0.715
[  34.0m]   24500/25000 steps  accept=0.715
[  34.7m]   25000/25000 steps  accept=0.715
[  34.9m] 
======================================================================
[  34.9m] RESULTADO MCMC PRODUCCIÓN — Prior H_alg (67.962, reframe)
[  34.9m] ======================================================================
[  34.9m]   H₀     = 67.7869  +0.3508 / -0.3516  km/s/Mpc
[  34.9m]   H₀ MAP = 67.7854
[  34.9m]   Ω_b·h² = 0.02207
[  34.9m]   ln P_MAP = -5.483
[  34.9m]   τ_max = 32.2    N_eff ≈ 77575
[  34.9m]   acceptance = 0.715
[  34.9m] 
  BIC (k=2, N=15): 16.382
[  34.9m] 
Comparación con resultados previos:
[  34.9m]   Retirado (prior MIRA 67.037, 100w×25k): H₀ = 66.53 ± 0.44
[  34.9m]   ESTE (prior H_alg 67.962, 100w×25k):    H₀ = 67.787 ± 0.353
[  34.9m] 
  Distancia a DESI-puro (67.660, prior plano medido): 0.127 km/s/Mpc
[  35.0m] 
Figura: results/figures/fig_corner_ssee_halg_prior.pdf
[  35.0m] Cadena: /mnt/datos/SSEE_data/mcmc/paper2_reframe/mcmc_paper2_reframe_ckpt.npz
[  35.0m] Tiempo total: 35.0 min
